 wf15dsatunsat

 Timestamp is 61e9a7b3 (Thu Jan 20 19:19:31 2022)

 Preferred load address is 0000000140000000

 Start         Length     Name                   Class
 0001:00000000 0001e620H .text                   CODE
 0001:0001e620 000010d0H .text$mn                CODE
 0001:0001f6f0 00000036H .text$mn$00             CODE
 0001:0001f726 00000036H .text$x                 CODE
 0002:00000000 00000688H .idata$5                DATA
 0002:00000688 00000030H .00cfg                  DATA
 0002:000006b8 00000008H .CRT$XCA                DATA
 0002:000006c0 00000008H .CRT$XCAA               DATA
 0002:000006c8 00000008H .CRT$XCU                DATA
 0002:000006d0 00000008H .CRT$XCZ                DATA
 0002:000006d8 00000008H .CRT$XIA                DATA
 0002:000006e0 00000008H .CRT$XIAA               DATA
 0002:000006e8 00000008H .CRT$XIAC               DATA
 0002:000006f0 00000008H .CRT$XIZ                DATA
 0002:000006f8 00000008H .CRT$XPA                DATA
 0002:00000700 00000008H .CRT$XPZ                DATA
 0002:00000708 00000008H .CRT$XTA                DATA
 0002:00000710 00000010H .CRT$XTZ                DATA
 0002:00000718 00000000H .gehcont$y              DATA
 0002:00000718 00000000H .gfids$y                DATA
 0002:00000720 0000ca60H .rdata                  DATA
 0002:0000d180 00000000H .rdata$CastGuardVftablesA DATA
 0002:0000d180 00000000H .rdata$CastGuardVftablesC DATA
 0002:0000d180 00000018H .rdata$voltmd           DATA
 0002:0000d198 00000280H .rdata$zzzdbg           DATA
 0002:0000d418 00000008H .rtc$IAA                DATA
 0002:0000d420 00000008H .rtc$IZZ                DATA
 0002:0000d428 00000008H .rtc$TAA                DATA
 0002:0000d430 00000008H .rtc$TZZ                DATA
 0002:0000d438 00000b70H .xdata                  DATA
 0002:0000dfa8 00000000H .edata                  DATA
 0002:0000dfa8 00000118H .idata$2                DATA
 0002:0000e0c0 00000018H .idata$3                DATA
 0002:0000e0d8 00000688H .idata$4                DATA
 0002:0000e760 0000165aH .idata$6                DATA
 0003:00000000 0000b220H .data                   DATA
 0003:0000b220 00005fd0H .bss                    DATA
 0004:00000000 00000894H .pdata                  DATA

  Address         Publics by Value              Rva+Base               Lib:Object

 0000:00000000       __dynamic_value_reloc_table 0000000000000000     <absolute>
 0000:00000000       __arm64x_redirection_metadata 0000000000000000     <absolute>
 0000:00000000       __guard_fids_table         0000000000000000     <absolute>
 0000:00000000       __x64_code_ranges_to_entry_points_count 0000000000000000     <absolute>
 0000:00000000       ___safe_se_handler_table   0000000000000000     <absolute>
 0000:00000000       __guard_iat_table          0000000000000000     <absolute>
 0000:00000000       __guard_eh_cont_count      0000000000000000     <absolute>
 0000:00000000       __guard_longjmp_table      0000000000000000     <absolute>
 0000:00000000       __x64_code_ranges_to_entry_points 0000000000000000     <absolute>
 0000:00000000       __guard_check_icall_a64n_fptr 0000000000000000     <absolute>
 0000:00000000       __guard_longjmp_count      0000000000000000     <absolute>
 0000:00000000       __arm64x_redirection_metadata_count 0000000000000000     <absolute>
 0000:00000000       __enclave_config           0000000000000000     <absolute>
 0000:00000000       ___safe_se_handler_count   0000000000000000     <absolute>
 0000:00000000       __guard_fids_count         0000000000000000     <absolute>
 0000:00000000       __arm64x_extra_rfe_table_size 0000000000000000     <absolute>
 0000:00000000       __hybrid_auxiliary_iat_copy 0000000000000000     <absolute>
 0000:00000000       __guard_eh_cont_table      0000000000000000     <absolute>
 0000:00000000       __arm64x_extra_rfe_table   0000000000000000     <absolute>
 0000:00000000       __hybrid_code_map_count    0000000000000000     <absolute>
 0000:00000000       __arm64x_native_entrypoint 0000000000000000     <absolute>
 0000:00000000       __hybrid_auxiliary_iat     0000000000000000     <absolute>
 0000:00000000       __hybrid_code_map          0000000000000000     <absolute>
 0000:00000000       __guard_iat_count          0000000000000000     <absolute>
 0000:00000000       __AbsoluteZero             0000000000000000     <absolute>
 0000:00000100       __guard_flags              0000000000000100     <absolute>
 0000:00000000       __ImageBase                0000000140000000     <linker-defined>
 0001:00000000       MODEL_MOD_TY_MESH.         0000000140001000 f   model_mod_ty_mesh.obj
 0001:00000010       MODEL_MOD_TY_MESH_mp_S_MODEL_MESH_ALLOCATEALL 0000000140001010 f   model_mod_ty_mesh.obj
 0001:00000550       MODEL_MOD_TY_MESH_mp_S_MODEL_MESH_DEALLOCATEALL 0000000140001550 f   model_mod_ty_mesh.obj
 0001:000008a0       MODEL_MOD_INPUTS.          00000001400018a0 f   model_mod_ty_inputs.obj
 0001:000008b0       MODEL_MOD_INPUTS_mp_S_MODEL_INPUTS_PARAMETERS 00000001400018b0 f   model_mod_ty_inputs.obj
 0001:000012e0       MODEL_MOD_INPUTS_mp_S_MODEL_INPUTS_MATERIALS 00000001400022e0 f   model_mod_ty_inputs.obj
 0001:00003ab0       MODEL_MOD_INPUTS_mp_S_MODEL_INPUTS_LAYERS 0000000140004ab0 f   model_mod_ty_inputs.obj
 0001:00004d60       MODEL_MOD_INPUTS_mp_S_MODEL_INPUTS_MESH 0000000140005d60 f   model_mod_ty_inputs.obj
 0001:00006210       MODEL_MOD_INPUTS_mp_S_MODEL_INPUTS_BOUNDARY 0000000140007210 f   model_mod_ty_inputs.obj
 0001:00006d70       MODEL_MOD_INPUTS_mp_S_MODEL_INPUTS_HINIT 0000000140007d70 f   model_mod_ty_inputs.obj
 0001:00007140       MODEL_MOD_TY_CONSTRAINTS.  0000000140008140 f   model_mod_ty_constraints.obj
 0001:00007150       MODEL_MOD_TY_CONSTRAINTS_mp_S_MODEL_CONSTRAINTS_CONSTRUCT 0000000140008150 f   model_mod_ty_constraints.obj
 0001:00007630       MODEL_MOD_TY_CONSTRAINTS_mp_F_MODEL_CONSTRAINTS_GET_HSAT_V 0000000140008630 f   model_mod_ty_constraints.obj
 0001:000078d0       MODEL_MOD_TY_CONSTRAINTS_mp_F_MODEL_CONSTRAINTS_GET_SUM_HSATV_ON_IS 00000001400088d0 f   model_mod_ty_constraints.obj
 0001:00007960       MODEL_MOD_TY_CONSTRAINTS_mp_F_MODEL_CONSTRAINTS_GET_HSAT_V_I_J 0000000140008960 f   model_mod_ty_constraints.obj
 0001:000079a0       MODEL_MOD_TY_CONSTRAINTS_mp_F_MODEL_CONSTRAINTS_GET_HSAT_H_MEAN 00000001400089a0 f   model_mod_ty_constraints.obj
 0001:00007c50       MODEL_MOD_TY_CONSTRAINTS_mp_F_MODEL_CONSTRAINTS_GET_HSAT_H_MEAN_I_J 0000000140008c50 f   model_mod_ty_constraints.obj
 0001:00007ca0       MODEL_MOD_TY_CONSTRAINTS_mp_F_MODEL_CONSTRAINTS_GET_HSAT_H 0000000140008ca0 f   model_mod_ty_constraints.obj
 0001:00007ed0       MODEL_MOD_TY_CONSTRAINTS_mp_F_MODEL_CONSTRAINTS_GET_HSAT_H_I_J 0000000140008ed0 f   model_mod_ty_constraints.obj
 0001:00007f20       MODEL_MOD_TY_CONSTRAINTS_mp_F_MODEL_CONSTRAINTS_GET_IDNODE_H_I_J 0000000140008f20 f   model_mod_ty_constraints.obj
 0001:00007f70       MODEL_MOD_TY_CONSTRAINTS_mp_F_MODEL_CONSTRAINTS_GET_IDNODE_V_I_J 0000000140008f70 f   model_mod_ty_constraints.obj
 0001:00007fb0       MODEL_MOD_TY_CONSTRAINTS_mp_F_MODEL_CONSTRAINTS_GET_QVER_V 0000000140008fb0 f   model_mod_ty_constraints.obj
 0001:00008250       MODEL_MOD_TY_CONSTRAINTS_mp_F_MODEL_CONSTRAINTS_GET_QVER_V_I_J 0000000140009250 f   model_mod_ty_constraints.obj
 0001:00008290       MODEL_MOD_TY_CONSTRAINTS_mp_F_MODEL_CONSTRAINTS_GET_QNEWMANN_V 0000000140009290 f   model_mod_ty_constraints.obj
 0001:00008530       MODEL_MOD_TY_CONSTRAINTS_mp_F_MODEL_CONSTRAINTS_GET_QNEWMANN_V_I_J 0000000140009530 f   model_mod_ty_constraints.obj
 0001:00008570       MODEL_MOD_TY_CONSTRAINTS_mp_F_MODEL_CONSTRAINTS_GET_DQHORDX_H 0000000140009570 f   model_mod_ty_constraints.obj
 0001:000087a0       MODEL_MOD_TY_CONSTRAINTS_mp_F_MODEL_CONSTRAINTS_GET_DQHORDX_H_I_J 00000001400097a0 f   model_mod_ty_constraints.obj
 0001:000087f0       MODEL_MOD_TY_CONSTRAINTS_mp_S_MODEL_CONSTRAINTS_CALC_NREL_TO_FIT_INC_HUNSAT 00000001400097f0 f   model_mod_ty_constraints.obj
 0001:00008f20       MODEL_MOD_TY_CONSTRAINTS_mp_S_MODEL_CONSTRAINTS_CALC_NREL_TO_FIT_INC_HSAT 0000000140009f20 f   model_mod_ty_constraints.obj
 0001:00009910       MODEL_MOD_TY_CONSTRAINTS_mp_S_MODEL_CONSTRAINT_SET_DIRICHLET_FROM_HSAT_H 000000014000a910 f   model_mod_ty_constraints.obj
 0001:00009af0       MODEL_MOD_TY_CONSTRAINTS_mp_S_MODEL_CONSTRAINT_SET_DIRICHLET_FROM_HSATH_MEAN 000000014000aaf0 f   model_mod_ty_constraints.obj
 0001:00009da0       MODEL_MOD_TY_CONSTRAINTS_mp_S_MODEL_CONSTRAINT_SET_NEWMANN_FROM_SATH_WITH_RELAXATION 000000014000ada0 f   model_mod_ty_constraints.obj
 0001:0000a050       MODEL_MOD_TY_CONSTRAINTS_mp_F_GET_ERROR_IN_Q 000000014000b050 f   model_mod_ty_constraints.obj
 0001:0000a130       MODEL_MOD_TY_CONSTRAINTS_mp_F_GET_ERROR_IN_HSAT 000000014000b130 f   model_mod_ty_constraints.obj
 0001:0000a210       MODEL_MOD_TY_MODEL.        000000014000b210 f   model_mod_ty_model.obj
 0001:0000a220       MODEL_MOD_TY_MODEL_mp_S_MODEL_MODEL_READFILEINPUT 000000014000b220 f   model_mod_ty_model.obj
 0001:0000a750       MODEL_MOD_TY_MODEL_mp_S_MODEL_MODEL_CONSTRUCT 000000014000b750 f   model_mod_ty_model.obj
 0001:000122a0       MODEL_MOD_TY_MODEL_mp_S_MODEL_MODEL_PRINT_ALLTIMES 00000001400132a0 f   model_mod_ty_model.obj
 0001:000130f0       MAIN__                     00000001400140f0 f   wd15dsatunsat.obj
 0001:00018eb0       __intel_avx_rep_memcpy     0000000140019eb0 f   libirc:intel_avx_rep_memcpy.obj
 0001:0001a740       __intel_new_feature_proc_init 000000014001b740 f   libirc:new_proc_init.obj
 0001:0001a7c0       __intel_new_feature_proc_init_n 000000014001b7c0 f   libirc:new_proc_init.obj
 0001:0001abd0       __intel_avx_rep_memset     000000014001bbd0 f   libirc:intel_avx_rep_memset.obj
 0001:0001c430       __libirc_get_feature_name  000000014001d430 f   libirc:cpu_feature_disp.obj
 0001:0001c470       __libirc_get_feature_bitpos 000000014001d470 f   libirc:cpu_feature_disp.obj
 0001:0001c6b0       __libirc_get_cpu_feature   000000014001d6b0 f   libirc:cpu_feature_disp.obj
 0001:0001d240       __intel_cpu_features_init  000000014001e240 f   libirc:cpu_feature_disp.obj
 0001:0001ddf0       sprintf                    000000014001edf0 f i libirc:irc_msg_support.obj
 0001:0001de70       __libirc_get_msg           000000014001ee70 f   libirc:irc_msg_support.obj
 0001:0001e0a0       __libirc_print             000000014001f0a0 f   libirc:irc_msg_support.obj
 0001:0001e2f0       printf                     000000014001f2f0 f i libirc:irc_msg_support.obj
 0001:0001e360       __intel_proc_init_ftzdazule 000000014001f360 f   libirc:proc_init_utils.obj
 0001:0001e490       main                       000000014001f490 f   libifcoremd:for_main.obj
 0001:0001e550       for__nt_handler_jacket     000000014001f550 f   libifcoremd:for_main.obj
 0001:0001e5a0       for__nt_user_handler_jacket 000000014001f5a0 f   libifcoremd:for_main.obj
 0001:0001e620       f_layers_get_water_inc_med_constant_simple 000000014001f620 f   wf1dcomdll:wf1dcomdll.dll
 0001:0001e626       f_hyd_s_h_sca              000000014001f626 f   wf1dcomdll:wf1dcomdll.dll
 0001:0001e62c       f_hyd_s_h_vec2             000000014001f62c f   wf1dcomdll:wf1dcomdll.dll
 0001:0001e632       f_hyd_th_h_sca             000000014001f632 f   wf1dcomdll:wf1dcomdll.dll
 0001:0001e638       f_hyd_th_h_vec2            000000014001f638 f   wf1dcomdll:wf1dcomdll.dll
 0001:0001e63e       f_hyd_kr_h_sca             000000014001f63e f   wf1dcomdll:wf1dcomdll.dll
 0001:0001e644       f_hyd_kr_h_vec2            000000014001f644 f   wf1dcomdll:wf1dcomdll.dll
 0001:0001e64a       f_hyd_k_h_sca              000000014001f64a f   wf1dcomdll:wf1dcomdll.dll
 0001:0001e650       f_hyd_k_h_vec2             000000014001f650 f   wf1dcomdll:wf1dcomdll.dll
 0001:0001e656       f_hyd_dk_h_sca             000000014001f656 f   wf1dcomdll:wf1dcomdll.dll
 0001:0001e65c       f_hyd_dk_h_vec2            000000014001f65c f   wf1dcomdll:wf1dcomdll.dll
 0001:0001e662       f_hyd_cap_h_sca            000000014001f662 f   wf1dcomdll:wf1dcomdll.dll
 0001:0001e668       f_hyd_Cap_h_vec2           000000014001f668 f   wf1dcomdll:wf1dcomdll.dll
 0001:0001e66e       s_layers_allocateall       000000014001f66e f   wf1dcomdll:wf1dcomdll.dll
 0001:0001e674       s_layers_deallocateall     000000014001f674 f   wf1dcomdll:wf1dcomdll.dll
 0001:0001e67a       f_layers_get_id_from_h     000000014001f67a f   wf1dcomdll:wf1dcomdll.dll
 0001:0001e680       f_layers_get_h_from0_sca   000000014001f680 f   wf1dcomdll:wf1dcomdll.dll
 0001:0001e686       f_layers_get_h_from0_vec   000000014001f686 f   wf1dcomdll:wf1dcomdll.dll
 0001:0001e68c       f_layers_get_h_from_h_to_h_sca 000000014001f68c f   wf1dcomdll:wf1dcomdll.dll
 0001:0001e692       f_layers_get_h_from_h_to_h_vec 000000014001f692 f   wf1dcomdll:wf1dcomdll.dll
 0001:0001e698       f_layers_get_inc_h_sca     000000014001f698 f   wf1dcomdll:wf1dcomdll.dll
 0001:0001e69e       f_layers_get_inc_h_vec     000000014001f69e f   wf1dcomdll:wf1dcomdll.dll
 0001:0001e6a4       f_layers_get_inc_h_from0_sca 000000014001f6a4 f   wf1dcomdll:wf1dcomdll.dll
 0001:0001e6aa       f_layers_get_inc_h_from0_vec 000000014001f6aa f   wf1dcomdll:wf1dcomdll.dll
 0001:0001e6b0       f_layers_get_nrel_from_hsat_to_h 000000014001f6b0 f   wf1dcomdll:wf1dcomdll.dll
 0001:0001e6b6       s_com_calc_shapematrix     000000014001f6b6 f   wf1dcomdll:wf1dcomdll.dll
 0001:0001e6bc       s_com_calc_allocate_other_matrix 000000014001f6bc f   wf1dcomdll:wf1dcomdll.dll
 0001:0001e6c2       s_com_calc_buildcoefmatrix 000000014001f6c2 f   wf1dcomdll:wf1dcomdll.dll
 0001:0001e6c8       s_com_calc_iteration       000000014001f6c8 f   wf1dcomdll:wf1dcomdll.dll
 0001:0001e6ce       s_com_calc_set_to_initial  000000014001f6ce f   wf1dcomdll:wf1dcomdll.dll
 0001:0001e6d4       s_com_calc_revert_to_old   000000014001f6d4 f   wf1dcomdll:wf1dcomdll.dll
 0001:0001e6da       s_com_calc_set_old         000000014001f6da f   wf1dcomdll:wf1dcomdll.dll
 0001:0001e6e0       s_com_calc_estimate_hnew_for_new_timestep 000000014001f6e0 f   wf1dcomdll:wf1dcomdll.dll
 0001:0001e6e6       s_vector_assign_dirichlet_from_nodes 000000014001f6e6 f   wf1dcomdll:wf1dcomdll.dll
 0001:0001e6ec       s_com_calc_set_dirichlet_to_node_sca 000000014001f6ec f   wf1dcomdll:wf1dcomdll.dll
 0001:0001e6f2       s_com_calc_set_dirichlet_to_node_vec 000000014001f6f2 f   wf1dcomdll:wf1dcomdll.dll
 0001:0001e6f8       s_com_calc_set_newmann_to_node_sca 000000014001f6f8 f   wf1dcomdll:wf1dcomdll.dll
 0001:0001e6fe       s_com_calc_set_newmann_to_node_vec 000000014001f6fe f   wf1dcomdll:wf1dcomdll.dll
 0001:0001e704       f_com_calc_get_idelement_from_x 000000014001f704 f   wf1dcomdll:wf1dcomdll.dll
 0001:0001e70a       f_h_top_file               000000014001f70a f   wf1dcomdll:wf1dcomdll.dll
 0001:0001e710       f_q_top_file               000000014001f710 f   wf1dcomdll:wf1dcomdll.dll
 0001:0001e716       s_com_time_increase_time   000000014001f716 f   wf1dcomdll:wf1dcomdll.dll
 0001:0001e71c       s_com_time_factor_timestep 000000014001f71c f   wf1dcomdll:wf1dcomdll.dll
 0001:0001e722       s_com_calc_update_dt       000000014001f722 f   wf1dcomdll:wf1dcomdll.dll
 0001:0001e728       s_unsat_constraints_construct 000000014001f728 f   wf1dunsatdll:wf1dunsatdll.dll
 0001:0001e72e       s_unsat_constraints_allocateall 000000014001f72e f   wf1dunsatdll:wf1dunsatdll.dll
 0001:0001e734       s_unsat_calc_construct     000000014001f734 f   wf1dunsatdll:wf1dunsatdll.dll
 0001:0001e73a       s_unsat_calc_allocateall   000000014001f73a f   wf1dunsatdll:wf1dunsatdll.dll
 0001:0001e740       s_unsat_mesh_allocateall   000000014001f740 f   wf1dunsatdll:wf1dunsatdll.dll
 0001:0001e746       s_unsat_calc_deallocateall 000000014001f746 f   wf1dunsatdll:wf1dunsatdll.dll
 0001:0001e74c       s_unsat_calc_build_linearsystem 000000014001f74c f   wf1dunsatdll:wf1dunsatdll.dll
 0001:0001e752       s_unsat_calc_revert_to_old 000000014001f752 f   wf1dunsatdll:wf1dunsatdll.dll
 0001:0001e758       s_unsat_calc_set_old       000000014001f758 f   wf1dunsatdll:wf1dunsatdll.dll
 0001:0001e75e       s_unsat_calc_estimate_hnew_for_new_timestep 000000014001f75e f   wf1dunsatdll:wf1dunsatdll.dll
 0001:0001e764       s_unsat_calc_estimate_htemp_for_new_iteration 000000014001f764 f   wf1dunsatdll:wf1dunsatdll.dll
 0001:0001e76a       s_unsat_calc_update_hnew_from_solution 000000014001f76a f   wf1dunsatdll:wf1dunsatdll.dll
 0001:0001e770       s_unsat_calc_assign_newmann 000000014001f770 f   wf1dunsatdll:wf1dunsatdll.dll
 0001:0001e776       s_unsat_get_qnewmann       000000014001f776 f   wf1dunsatdll:wf1dunsatdll.dll
 0001:0001e77c       s_vector_h2th              000000014001f77c f   wf1dunsatdll:wf1dunsatdll.dll
 0001:0001e782       s_unsat_calc_results_in_elements 000000014001f782 f   wf1dunsatdll:wf1dunsatdll.dll
 0001:0001e788       s_unsat_calc_results_in_nodes 000000014001f788 f   wf1dunsatdll:wf1dunsatdll.dll
 0001:0001e78e       f_unsat_calc_q_in_x        000000014001f78e f   wf1dunsatdll:wf1dunsatdll.dll
 0001:0001e794       f_unsat_elem_q_in_chi_elem 000000014001f794 f   wf1dunsatdll:wf1dunsatdll.dll
 0001:0001e79a       f_unsat_calc_get_thsatres_mean_from_x0_to_x1_sca 000000014001f79a f   wf1dunsatdll:wf1dunsatdll.dll
 0001:0001e7a0       f_unsat_calc_get_th_from_x0_to_x1_sca 000000014001f7a0 f   wf1dunsatdll:wf1dunsatdll.dll
 0001:0001e7a6       f_unsat_calc_get_thnewold_from_x0_to_x1_sca 000000014001f7a6 f   wf1dunsatdll:wf1dunsatdll.dll
 0001:0001e7ac       s_unsat_constraints_deallocateall 000000014001f7ac f   wf1dunsatdll:wf1dunsatdll.dll
 0001:0001e7b2       s_unsat_model_update_hsat_from_hbottom 000000014001f7b2 f   wf1dunsatdll:wf1dunsatdll.dll
 0001:0001e7b8       s_unsat_constraints_update_incvoldt 000000014001f7b8 f   wf1dunsatdll:wf1dunsatdll.dll
 0001:0001e7be       s_unsat_constraints_update_qsat_from_qmed 000000014001f7be f   wf1dunsatdll:wf1dunsatdll.dll
 0001:0001e7c4       s_unsat_constraints_update_qtop_from_qmed 000000014001f7c4 f   wf1dunsatdll:wf1dunsatdll.dll
 0001:0001e7ca       s_unsat_constraints_update_qinf_from_qtop 000000014001f7ca f   wf1dunsatdll:wf1dunsatdll.dll
 0001:0001e7d0       s_unsat_constraints_update_qsupinf 000000014001f7d0 f   wf1dunsatdll:wf1dunsatdll.dll
 0001:0001e7d6       s_unsat_constraints_update_qnewman_all 000000014001f7d6 f   wf1dunsatdll:wf1dunsatdll.dll
 0001:0001e7dc       s_unsat_model_updateall    000000014001f7dc f   wf1dunsatdll:wf1dunsatdll.dll
 0001:0001e7e2       s_unsat_constraint_set_newmann_from_dqhordx 000000014001f7e2 f   wf1dunsatdll:wf1dunsatdll.dll
 0001:0001e7e8       s_unsat_mesh_deallocateall 000000014001f7e8 f   wf1dunsatdll:wf1dunsatdll.dll
 0001:0001e7ee       s_unsat_model_print_timestep 000000014001f7ee f   wf1dunsatdll:wf1dunsatdll.dll
 0001:0001e7f4       s_unsat_model_readfileinput 000000014001f7f4 f   wf1dunsatdll:wf1dunsatdll.dll
 0001:0001e7fa       s_unsat_model_construct    000000014001f7fa f   wf1dunsatdll:wf1dunsatdll.dll
 0001:0001e800       SAT_MOD_TY_CONSTRAINTS_mp_S_SAT_CONSTRAINTS_CONSTRUCT 000000014001f800 f   wf1dsatdll:wf1dsatdll.dll
 0001:0001e806       SAT_MOD_TY_CONSTRAINTS_mp_S_SAT_CONSTRAINTS_ALLOCATEALL 000000014001f806 f   wf1dsatdll:wf1dsatdll.dll
 0001:0001e80c       SAT_MOD_TY_CALC_mp_S_SAT_CALC_CONSTRUCT 000000014001f80c f   wf1dsatdll:wf1dsatdll.dll
 0001:0001e812       SAT_MOD_TY_CALC_mp_S_SAT_CALC_ALLOCATEALL 000000014001f812 f   wf1dsatdll:wf1dsatdll.dll
 0001:0001e818       SAT_MOD_TY_MESH_mp_S_SAT_MESH_ALLOCATEALL 000000014001f818 f   wf1dsatdll:wf1dsatdll.dll
 0001:0001e81e       SAT_MOD_TY_CALC_mp_S_SAT_CALC_DEALLOCATEALL 000000014001f81e f   wf1dsatdll:wf1dsatdll.dll
 0001:0001e824       SAT_MOD_TY_CALC_mp_S_SAT_CALC_BUILD_LINEARSYSTEM 000000014001f824 f   wf1dsatdll:wf1dsatdll.dll
 0001:0001e82a       SAT_MOD_TY_CALC_mp_S_SAT_CALC_ESTIMATE_HTEMP_FOR_NEW_ITERATION 000000014001f82a f   wf1dsatdll:wf1dsatdll.dll
 0001:0001e830       SAT_MOD_TY_CALC_mp_S_SAT_CALC_UPDATE_HNEW_FROM_SOLUTION 000000014001f830 f   wf1dsatdll:wf1dsatdll.dll
 0001:0001e836       SAT_MOD_TY_CALC_mp_S_SAT_CALC_RESULTS_IN_ELEMENTS 000000014001f836 f   wf1dsatdll:wf1dsatdll.dll
 0001:0001e83c       SAT_MOD_TY_CALC_mp_S_SAT_CALC_RESULTS_IN_NODES 000000014001f83c f   wf1dsatdll:wf1dsatdll.dll
 0001:0001e842       SAT_MOD_TY_MESH_mp_S_SAT_MESH_DEALLOCATEALL 000000014001f842 f   wf1dsatdll:wf1dsatdll.dll
 0001:0001e848       SAT_MOD_TY_MESH_mp_S_SAT_MESH_SET_Z 000000014001f848 f   wf1dsatdll:wf1dsatdll.dll
 0001:0001e84e       SAT_MOD_TY_CONSTRAINTS_mp_S_SAT_CONSTRAINTS_DEALLOCATEALL 000000014001f84e f   wf1dsatdll:wf1dsatdll.dll
 0001:0001e854       SAT_MOD_TY_MODEL_mp_S_SAT_MODEL_PUT_RESULTS_IN_CONSTRAINTS 000000014001f854 f   wf1dsatdll:wf1dsatdll.dll
 0001:0001e85a       SAT_MOD_TY_MODEL_mp_S_SAT_MODEL_PUT_NREL_FROM_CONSTRAINT 000000014001f85a f   wf1dsatdll:wf1dsatdll.dll
 0001:0001e860       SAT_MOD_TY_MODEL_mp_S_SAT_MODEL_PUT_QENT_FROM_CONSTRAINT 000000014001f860 f   wf1dsatdll:wf1dsatdll.dll
 0001:0001e866       SAT_MOD_TY_MODEL_mp_S_SAT_MODEL_PRINT_TIMESTEP 000000014001f866 f   wf1dsatdll:wf1dsatdll.dll
 0001:0001e86c       SAT_MOD_TY_MODEL_mp_S_SAT_MODEL_READFILEINPUT 000000014001f86c f   wf1dsatdll:wf1dsatdll.dll
 0001:0001e872       SAT_MOD_TY_MODEL_mp_S_SAT_MODEL_CONSTRUCT 000000014001f872 f   wf1dsatdll:wf1dsatdll.dll
 0001:0001e878       for_check_mult_overflow64  000000014001f878 f   libifcoremd:libifcoremd.dll
 0001:0001e87e       for_alloc_allocatable      000000014001f87e f   libifcoremd:libifcoremd.dll
 0001:0001e884       for_dealloc_allocatable    000000014001f884 f   libifcoremd:libifcoremd.dll
 0001:0001e88a       for_open                   000000014001f88a f   libifcoremd:libifcoremd.dll
 0001:0001e890       for_read_seq_lis           000000014001f890 f   libifcoremd:libifcoremd.dll
 0001:0001e896       for_read_seq_lis_xmit      000000014001f896 f   libifcoremd:libifcoremd.dll
 0001:0001e89c       for_close                  000000014001f89c f   libifcoremd:libifcoremd.dll
 0001:0001e8a2       for_realloc_lhs            000000014001f8a2 f   libifcoremd:libifcoremd.dll
 0001:0001e8a8       for_read_seq_fmt           000000014001f8a8 f   libifcoremd:libifcoremd.dll
 0001:0001e8ae       for_write_seq_lis          000000014001f8ae f   libifcoremd:libifcoremd.dll
 0001:0001e8b4       for_rewind                 000000014001f8b4 f   libifcoremd:libifcoremd.dll
 0001:0001e8ba       __for_ieee_signaling_lt_k8_ 000000014001f8ba f   libifcoremd:libifcoremd.dll
 0001:0001e8c0       for_read_seq               000000014001f8c0 f   libifcoremd:libifcoremd.dll
 0001:0001e8c6       for_backspace              000000014001f8c6 f   libifcoremd:libifcoremd.dll
 0001:0001e8cc       for_stop_core_quiet        000000014001f8cc f   libifcoremd:libifcoremd.dll
 0001:0001e8d2       for_allocate               000000014001f8d2 f   libifcoremd:libifcoremd.dll
 0001:0001e8d8       for_deallocate             000000014001f8d8 f   libifcoremd:libifcoremd.dll
 0001:0001e8de       __for_ieee_signaling_gt_k8_ 000000014001f8de f   libifcoremd:libifcoremd.dll
 0001:0001e8e4       __for_ieee_quiet_eq_k8_    000000014001f8e4 f   libifcoremd:libifcoremd.dll
 0001:0001e8ea       for_write_seq_fmt          000000014001f8ea f   libifcoremd:libifcoremd.dll
 0001:0001e8f0       for_write_seq_fmt_xmit     000000014001f8f0 f   libifcoremd:libifcoremd.dll
 0001:0001e8f6       for_set_fpe_               000000014001f8f6 f   libifcoremd:libifcoremd.dll
 0001:0001e8fc       for_set_reentrancy         000000014001f8fc f   libifcoremd:libifcoremd.dll
 0001:0001e902       for_iargc                  000000014001f902 f   libifcoremd:libifcoremd.dll
 0001:0001e908       for_getcmd_arg_err         000000014001f908 f   libifcoremd:libifcoremd.dll
 0001:0001e90e       for_trim                   000000014001f90e f   libifcoremd:libifcoremd.dll
 0001:0001e914       for_f90_scan               000000014001f914 f   libifcoremd:libifcoremd.dll
 0001:0001e91a       for_cpystr                 000000014001f91a f   libifcoremd:libifcoremd.dll
 0001:0001e920       for_concat                 000000014001f920 f   libifcoremd:libifcoremd.dll
 0001:0001e926       __for_ieee_signaling_le_k8_ 000000014001f926 f   libifcoremd:libifcoremd.dll
 0001:0001e92c       __kmpc_begin               000000014001f92c f   libiomp5md:libiomp5md.dll
 0001:0001e932       __kmpc_end                 000000014001f932 f   libiomp5md:libiomp5md.dll
 0001:0001e950       __chkstk                   000000014001f950 f   MSVCRT:chkstk.obj
 0001:0001e950       _alloca_probe              000000014001f950 f   MSVCRT:chkstk.obj
 0001:0001ec00       mainCRTStartup             000000014001fc00 f   MSVCRT:exe_main.obj
 0001:0001ec14       __scrt_acquire_startup_lock 000000014001fc14 f   MSVCRT:utility.obj
 0001:0001ec50       __scrt_initialize_crt      000000014001fc50 f   MSVCRT:utility.obj
 0001:0001ec9c       __scrt_initialize_onexit_tables 000000014001fc9c f   MSVCRT:utility.obj
 0001:0001ed28       __scrt_is_nonwritable_in_current_image 000000014001fd28 f   MSVCRT:utility.obj
 0001:0001edc0       __scrt_release_startup_lock 000000014001fdc0 f   MSVCRT:utility.obj
 0001:0001ede4       __scrt_uninitialize_crt    000000014001fde4 f   MSVCRT:utility.obj
 0001:0001ee10       _onexit                    000000014001fe10 f   MSVCRT:utility.obj
 0001:0001ee4c       atexit                     000000014001fe4c f   MSVCRT:utility.obj
 0001:0001ee64       __security_init_cookie     000000014001fe64 f   MSVCRT:gs_support.obj
 0001:0001ef10       _matherr                   000000014001ff10 f   MSVCRT:matherr.obj
 0001:0001ef10       __scrt_stub_for_initialize_mta 000000014001ff10 f   MSVCRT:utility_desktop.obj
 0001:0001ef10       _get_startup_commit_mode   000000014001ff10 f   MSVCRT:commit_mode.obj
 0001:0001ef10       __scrt_exe_initialize_mta  000000014001ff10 f   MSVCRT:utility_desktop.obj
 0001:0001ef10       __scrt_initialize_winrt    000000014001ff10 f   MSVCRT:utility_desktop.obj
 0001:0001ef10       _get_startup_thread_locale_mode 000000014001ff10 f   MSVCRT:thread_locale.obj
 0001:0001ef10       _get_startup_new_mode      000000014001ff10 f   MSVCRT:new_mode.obj
 0001:0001ef14       _get_startup_argv_mode     000000014001ff14 f   MSVCRT:argv_mode.obj
 0001:0001ef1c       _get_startup_file_mode     000000014001ff1c f   MSVCRT:file_mode.obj
 0001:0001ef24       ?__scrt_initialize_type_info@@YAXXZ 000000014001ff24 f   MSVCRT:tncleanup.obj
 0001:0001ef34       __scrt_stub_for_acrt_initialize 000000014001ff34 f   MSVCRT:ucrt_stubs.obj
 0001:0001ef34       __acrt_uninitialize        000000014001ff34 f   MSVCRT:ucrt_stubs.obj
 0001:0001ef34       __acrt_initialize          000000014001ff34 f   MSVCRT:ucrt_stubs.obj
 0001:0001ef34       __scrt_stub_for_acrt_uninitialize 000000014001ff34 f   MSVCRT:ucrt_stubs.obj
 0001:0001ef34       __vcrt_uninitialize        000000014001ff34 f   MSVCRT:ucrt_stubs.obj
 0001:0001ef34       __vcrt_initialize          000000014001ff34 f   MSVCRT:ucrt_stubs.obj
 0001:0001ef34       _should_initialize_environment 000000014001ff34 f   MSVCRT:env_mode.obj
 0001:0001ef38       _initialize_invalid_parameter_handler 000000014001ff38 f   MSVCRT:invalid_parameter_handler.obj
 0001:0001ef38       _initialize_denormal_control 000000014001ff38 f   MSVCRT:denormal_control.obj
 0001:0001ef38       _guard_check_icall_nop     000000014001ff38 f   MSVCRT:guard_support.obj
 0001:0001ef3c       __local_stdio_printf_options 000000014001ff3c f i MSVCRT:default_local_stdio_options.obj
 0001:0001ef44       __local_stdio_scanf_options 000000014001ff44 f i MSVCRT:default_local_stdio_options.obj
 0001:0001ef4c       __scrt_initialize_default_local_stdio_options 000000014001ff4c f   MSVCRT:default_local_stdio_options.obj
 0001:0001ef68       __scrt_is_user_matherr_present 000000014001ff68 f   MSVCRT:matherr_detection.obj
 0001:0001ef74       __scrt_get_dyn_tls_init_callback 000000014001ff74 f   MSVCRT:dyn_tls_init.obj
 0001:0001ef7c       __scrt_get_dyn_tls_dtor_callback 000000014001ff7c f   MSVCRT:dyn_tls_dtor.obj
 0001:0001ef84       __crt_debugger_hook        000000014001ff84 f   MSVCRT:utility_desktop.obj
 0001:0001ef8c       __scrt_fastfail            000000014001ff8c f   MSVCRT:utility_desktop.obj
 0001:0001f0d8       __scrt_initialize_mta      00000001400200d8 f   MSVCRT:utility_desktop.obj
 0001:0001f0e0       __scrt_is_managed_app      00000001400200e0 f   MSVCRT:utility_desktop.obj
 0001:0001f134       __scrt_set_unhandled_exception_filter 0000000140020134 f   MSVCRT:utility_desktop.obj
 0001:0001f144       __scrt_unhandled_exception_filter 0000000140020144 f   MSVCRT:utility_desktop.obj
 0001:0001f1a0       _RTC_Initialize            00000001400201a0 f   MSVCRT:initsect.obj
 0001:0001f1dc       _RTC_Terminate             00000001400201dc f   MSVCRT:initsect.obj
 0001:0001f218       __isa_available_init       0000000140020218 f   MSVCRT:cpu_disp.obj
 0001:0001f3bc       __scrt_is_ucrt_dll_in_use  00000001400203bc f   MSVCRT:ucrt_detection.obj
 0001:0001f3d0       __C_specific_handler       00000001400203d0 f   vcruntime:VCRUNTIME140.dll
 0001:0001f3d6       __current_exception        00000001400203d6 f   vcruntime:VCRUNTIME140.dll
 0001:0001f3dc       __current_exception_context 00000001400203dc f   vcruntime:VCRUNTIME140.dll
 0001:0001f3e2       memset                     00000001400203e2 f   vcruntime:VCRUNTIME140.dll
 0001:0001f3e8       _seh_filter_exe            00000001400203e8 f   ucrt:api-ms-win-crt-runtime-l1-1-0.dll
 0001:0001f3ee       _set_app_type              00000001400203ee f   ucrt:api-ms-win-crt-runtime-l1-1-0.dll
 0001:0001f3f4       __setusermatherr           00000001400203f4 f   ucrt:api-ms-win-crt-math-l1-1-0.dll
 0001:0001f3fa       _configure_narrow_argv     00000001400203fa f   ucrt:api-ms-win-crt-runtime-l1-1-0.dll
 0001:0001f400       _initialize_narrow_environment 0000000140020400 f   ucrt:api-ms-win-crt-runtime-l1-1-0.dll
 0001:0001f406       _get_initial_narrow_environment 0000000140020406 f   ucrt:api-ms-win-crt-runtime-l1-1-0.dll
 0001:0001f40c       _initterm                  000000014002040c f   ucrt:api-ms-win-crt-runtime-l1-1-0.dll
 0001:0001f412       _initterm_e                0000000140020412 f   ucrt:api-ms-win-crt-runtime-l1-1-0.dll
 0001:0001f418       exit                       0000000140020418 f   ucrt:api-ms-win-crt-runtime-l1-1-0.dll
 0001:0001f41e       _exit                      000000014002041e f   ucrt:api-ms-win-crt-runtime-l1-1-0.dll
 0001:0001f424       _set_fmode                 0000000140020424 f   ucrt:api-ms-win-crt-stdio-l1-1-0.dll
 0001:0001f42a       __p___argc                 000000014002042a f   ucrt:api-ms-win-crt-runtime-l1-1-0.dll
 0001:0001f430       __p___argv                 0000000140020430 f   ucrt:api-ms-win-crt-runtime-l1-1-0.dll
 0001:0001f436       _cexit                     0000000140020436 f   ucrt:api-ms-win-crt-runtime-l1-1-0.dll
 0001:0001f43c       _c_exit                    000000014002043c f   ucrt:api-ms-win-crt-runtime-l1-1-0.dll
 0001:0001f442       _register_thread_local_exe_atexit_callback 0000000140020442 f   ucrt:api-ms-win-crt-runtime-l1-1-0.dll
 0001:0001f448       _configthreadlocale        0000000140020448 f   ucrt:api-ms-win-crt-locale-l1-1-0.dll
 0001:0001f44e       _set_new_mode              000000014002044e f   ucrt:api-ms-win-crt-heap-l1-1-0.dll
 0001:0001f454       __p__commode               0000000140020454 f   ucrt:api-ms-win-crt-stdio-l1-1-0.dll
 0001:0001f45a       _initialize_onexit_table   000000014002045a f   ucrt:api-ms-win-crt-runtime-l1-1-0.dll
 0001:0001f460       _register_onexit_function  0000000140020460 f   ucrt:api-ms-win-crt-runtime-l1-1-0.dll
 0001:0001f466       _crt_atexit                0000000140020466 f   ucrt:api-ms-win-crt-runtime-l1-1-0.dll
 0001:0001f46c       terminate                  000000014002046c f   ucrt:api-ms-win-crt-runtime-l1-1-0.dll
 0001:0001f472       strlen                     0000000140020472 f   ucrt:api-ms-win-crt-string-l1-1-0.dll
 0001:0001f478       strncat                    0000000140020478 f   ucrt:api-ms-win-crt-string-l1-1-0.dll
 0001:0001f47e       getenv                     000000014002047e f   ucrt:api-ms-win-crt-environment-l1-1-0.dll
 0001:0001f484       _errno                     0000000140020484 f   ucrt:api-ms-win-crt-runtime-l1-1-0.dll
 0001:0001f48a       __stdio_common_vsprintf    000000014002048a f   ucrt:api-ms-win-crt-stdio-l1-1-0.dll
 0001:0001f490       strncpy                    0000000140020490 f   ucrt:api-ms-win-crt-string-l1-1-0.dll
 0001:0001f496       __acrt_iob_func            0000000140020496 f   ucrt:api-ms-win-crt-stdio-l1-1-0.dll
 0001:0001f49c       __stdio_common_vfprintf    000000014002049c f   ucrt:api-ms-win-crt-stdio-l1-1-0.dll
 0001:0001f4a2       for_rtl_init_              00000001400204a2 f   libifcoremd:libifcoremd.dll
 0001:0001f4a8       for_rtl_finish_            00000001400204a8 f   libifcoremd:libifcoremd.dll
 0001:0001f4ae       for__nt_signal_handler     00000001400204ae f   libifcoremd:libifcoremd.dll
 0001:0001f4d0       __security_check_cookie    00000001400204d0 f   MSVCRT:amdsecgs.obj
 0001:0001f4f0       __GSHandlerCheck           00000001400204f0 f   MSVCRT:gshandler.obj
 0001:0001f510       __GSHandlerCheckCommon     0000000140020510 f   MSVCRT:gshandler.obj
 0001:0001f56c       __raise_securityfailure    000000014002056c f   MSVCRT:gs_report.obj
 0001:0001f5a0       __report_gsfailure         00000001400205a0 f   MSVCRT:gs_report.obj
 0001:0001f6e5       signal                     00000001400206e5 f   ucrt:api-ms-win-crt-runtime-l1-1-0.dll
 0001:0001f700       _guard_dispatch_icall_nop  0000000140020700 f   MSVCRT:guard_dispatch.obj
 0001:0001f720       _guard_xfg_dispatch_icall_nop 0000000140020720 f   MSVCRT:guard_xfg_dispatch.obj
 0002:00000000       __imp_RtlVirtualUnwind     0000000140021000     kernel32:KERNEL32.dll
 0002:00000008       __imp_RtlLookupFunctionEntry 0000000140021008     kernel32:KERNEL32.dll
 0002:00000010       __imp_RtlCaptureContext    0000000140021010     kernel32:KERNEL32.dll
 0002:00000018       __imp_InitializeSListHead  0000000140021018     kernel32:KERNEL32.dll
 0002:00000020       __imp_GetSystemTimeAsFileTime 0000000140021020     kernel32:KERNEL32.dll
 0002:00000028       __imp_GetCurrentThreadId   0000000140021028     kernel32:KERNEL32.dll
 0002:00000030       __imp_GetCurrentProcessId  0000000140021030     kernel32:KERNEL32.dll
 0002:00000038       __imp_QueryPerformanceCounter 0000000140021038     kernel32:KERNEL32.dll
 0002:00000040       __imp_IsDebuggerPresent    0000000140021040     kernel32:KERNEL32.dll
 0002:00000048       __imp_UnhandledExceptionFilter 0000000140021048     kernel32:KERNEL32.dll
 0002:00000050       __imp_SetUnhandledExceptionFilter 0000000140021050     kernel32:KERNEL32.dll
 0002:00000058       __imp_IsProcessorFeaturePresent 0000000140021058     kernel32:KERNEL32.dll
 0002:00000060       __imp_GetModuleHandleW     0000000140021060     kernel32:KERNEL32.dll
 0002:00000068       __imp_FormatMessageA       0000000140021068     kernel32:KERNEL32.dll
 0002:00000070       __imp_LoadLibraryA         0000000140021070     kernel32:KERNEL32.dll
 0002:00000078       __imp_GetThreadLocale      0000000140021078     kernel32:KERNEL32.dll
 0002:00000080       __imp_GetCurrentProcess    0000000140021080     kernel32:KERNEL32.dll
 0002:00000088       __imp_TerminateProcess     0000000140021088     kernel32:KERNEL32.dll
 0002:00000090       \177KERNEL32_NULL_THUNK_DATA 0000000140021090     kernel32:KERNEL32.dll
 0002:00000098       __imp___current_exception_context 0000000140021098     vcruntime:VCRUNTIME140.dll
 0002:000000a0       __imp_memset               00000001400210a0     vcruntime:VCRUNTIME140.dll
 0002:000000a8       __imp___current_exception  00000001400210a8     vcruntime:VCRUNTIME140.dll
 0002:000000b0       __imp___C_specific_handler 00000001400210b0     vcruntime:VCRUNTIME140.dll
 0002:000000b8       \177VCRUNTIME140_NULL_THUNK_DATA 00000001400210b8     vcruntime:VCRUNTIME140.dll
 0002:000000c0       __imp_getenv               00000001400210c0     ucrt:api-ms-win-crt-environment-l1-1-0.dll
 0002:000000c8       \177api-ms-win-crt-environment-l1-1-0_NULL_THUNK_DATA 00000001400210c8     ucrt:api-ms-win-crt-environment-l1-1-0.dll
 0002:000000d0       __imp__set_new_mode        00000001400210d0     ucrt:api-ms-win-crt-heap-l1-1-0.dll
 0002:000000d8       \177api-ms-win-crt-heap-l1-1-0_NULL_THUNK_DATA 00000001400210d8     ucrt:api-ms-win-crt-heap-l1-1-0.dll
 0002:000000e0       __imp__configthreadlocale  00000001400210e0     ucrt:api-ms-win-crt-locale-l1-1-0.dll
 0002:000000e8       \177api-ms-win-crt-locale-l1-1-0_NULL_THUNK_DATA 00000001400210e8     ucrt:api-ms-win-crt-locale-l1-1-0.dll
 0002:000000f0       __imp___setusermatherr     00000001400210f0     ucrt:api-ms-win-crt-math-l1-1-0.dll
 0002:000000f8       \177api-ms-win-crt-math-l1-1-0_NULL_THUNK_DATA 00000001400210f8     ucrt:api-ms-win-crt-math-l1-1-0.dll
 0002:00000100       __imp__set_app_type        0000000140021100     ucrt:api-ms-win-crt-runtime-l1-1-0.dll
 0002:00000108       __imp__configure_narrow_argv 0000000140021108     ucrt:api-ms-win-crt-runtime-l1-1-0.dll
 0002:00000110       __imp__initialize_narrow_environment 0000000140021110     ucrt:api-ms-win-crt-runtime-l1-1-0.dll
 0002:00000118       __imp__get_initial_narrow_environment 0000000140021118     ucrt:api-ms-win-crt-runtime-l1-1-0.dll
 0002:00000120       __imp__initterm            0000000140021120     ucrt:api-ms-win-crt-runtime-l1-1-0.dll
 0002:00000128       __imp__initterm_e          0000000140021128     ucrt:api-ms-win-crt-runtime-l1-1-0.dll
 0002:00000130       __imp_exit                 0000000140021130     ucrt:api-ms-win-crt-runtime-l1-1-0.dll
 0002:00000138       __imp__exit                0000000140021138     ucrt:api-ms-win-crt-runtime-l1-1-0.dll
 0002:00000140       __imp___p___argc           0000000140021140     ucrt:api-ms-win-crt-runtime-l1-1-0.dll
 0002:00000148       __imp_signal               0000000140021148     ucrt:api-ms-win-crt-runtime-l1-1-0.dll
 0002:00000150       __imp__cexit               0000000140021150     ucrt:api-ms-win-crt-runtime-l1-1-0.dll
 0002:00000158       __imp__c_exit              0000000140021158     ucrt:api-ms-win-crt-runtime-l1-1-0.dll
 0002:00000160       __imp__register_thread_local_exe_atexit_callback 0000000140021160     ucrt:api-ms-win-crt-runtime-l1-1-0.dll
 0002:00000168       __imp__initialize_onexit_table 0000000140021168     ucrt:api-ms-win-crt-runtime-l1-1-0.dll
 0002:00000170       __imp__register_onexit_function 0000000140021170     ucrt:api-ms-win-crt-runtime-l1-1-0.dll
 0002:00000178       __imp__crt_atexit          0000000140021178     ucrt:api-ms-win-crt-runtime-l1-1-0.dll
 0002:00000180       __imp_terminate            0000000140021180     ucrt:api-ms-win-crt-runtime-l1-1-0.dll
 0002:00000188       __imp___p___argv           0000000140021188     ucrt:api-ms-win-crt-runtime-l1-1-0.dll
 0002:00000190       __imp__errno               0000000140021190     ucrt:api-ms-win-crt-runtime-l1-1-0.dll
 0002:00000198       __imp__seh_filter_exe      0000000140021198     ucrt:api-ms-win-crt-runtime-l1-1-0.dll
 0002:000001a0       \177api-ms-win-crt-runtime-l1-1-0_NULL_THUNK_DATA 00000001400211a0     ucrt:api-ms-win-crt-runtime-l1-1-0.dll
 0002:000001a8       __imp___stdio_common_vfprintf 00000001400211a8     ucrt:api-ms-win-crt-stdio-l1-1-0.dll
 0002:000001b0       __imp___acrt_iob_func      00000001400211b0     ucrt:api-ms-win-crt-stdio-l1-1-0.dll
 0002:000001b8       __imp__set_fmode           00000001400211b8     ucrt:api-ms-win-crt-stdio-l1-1-0.dll
 0002:000001c0       __imp___stdio_common_vsprintf 00000001400211c0     ucrt:api-ms-win-crt-stdio-l1-1-0.dll
 0002:000001c8       __imp___p__commode         00000001400211c8     ucrt:api-ms-win-crt-stdio-l1-1-0.dll
 0002:000001d0       \177api-ms-win-crt-stdio-l1-1-0_NULL_THUNK_DATA 00000001400211d0     ucrt:api-ms-win-crt-stdio-l1-1-0.dll
 0002:000001d8       __imp_strncat              00000001400211d8     ucrt:api-ms-win-crt-string-l1-1-0.dll
 0002:000001e0       __imp_strlen               00000001400211e0     ucrt:api-ms-win-crt-string-l1-1-0.dll
 0002:000001e8       __imp_strncpy              00000001400211e8     ucrt:api-ms-win-crt-string-l1-1-0.dll
 0002:000001f0       \177api-ms-win-crt-string-l1-1-0_NULL_THUNK_DATA 00000001400211f0     ucrt:api-ms-win-crt-string-l1-1-0.dll
 0002:000001f8       __imp_for_rtl_init_        00000001400211f8     libifcoremd:libifcoremd.dll
 0002:00000200       __imp_for_rtl_finish_      0000000140021200     libifcoremd:libifcoremd.dll
 0002:00000208       __imp_for__nt_signal_handler 0000000140021208     libifcoremd:libifcoremd.dll
 0002:00000210       __imp___for_ieee_signaling_le_k8_ 0000000140021210     libifcoremd:libifcoremd.dll
 0002:00000218       __imp_for_dealloc_allocatable 0000000140021218     libifcoremd:libifcoremd.dll
 0002:00000220       __imp_for_alloc_allocatable 0000000140021220     libifcoremd:libifcoremd.dll
 0002:00000228       __imp_for_concat           0000000140021228     libifcoremd:libifcoremd.dll
 0002:00000230       __imp_for_cpystr           0000000140021230     libifcoremd:libifcoremd.dll
 0002:00000238       __imp_for_f90_scan         0000000140021238     libifcoremd:libifcoremd.dll
 0002:00000240       __imp_for_trim             0000000140021240     libifcoremd:libifcoremd.dll
 0002:00000248       __imp_for_getcmd_arg_err   0000000140021248     libifcoremd:libifcoremd.dll
 0002:00000250       __imp_for_iargc            0000000140021250     libifcoremd:libifcoremd.dll
 0002:00000258       __imp_for_set_reentrancy   0000000140021258     libifcoremd:libifcoremd.dll
 0002:00000260       __imp_for_write_seq_fmt    0000000140021260     libifcoremd:libifcoremd.dll
 0002:00000268       __imp_for_set_fpe_         0000000140021268     libifcoremd:libifcoremd.dll
 0002:00000270       __imp_for_write_seq_fmt_xmit 0000000140021270     libifcoremd:libifcoremd.dll
 0002:00000278       __imp_for_check_mult_overflow64 0000000140021278     libifcoremd:libifcoremd.dll
 0002:00000280       __imp___for_ieee_quiet_eq_k8_ 0000000140021280     libifcoremd:libifcoremd.dll
 0002:00000288       __imp___for_ieee_signaling_gt_k8_ 0000000140021288     libifcoremd:libifcoremd.dll
 0002:00000290       __imp_for_deallocate       0000000140021290     libifcoremd:libifcoremd.dll
 0002:00000298       __imp_for_allocate         0000000140021298     libifcoremd:libifcoremd.dll
 0002:000002a0       __imp_for_stop_core_quiet  00000001400212a0     libifcoremd:libifcoremd.dll
 0002:000002a8       __imp_for_backspace        00000001400212a8     libifcoremd:libifcoremd.dll
 0002:000002b0       __imp_for_read_seq         00000001400212b0     libifcoremd:libifcoremd.dll
 0002:000002b8       __imp___for_ieee_signaling_lt_k8_ 00000001400212b8     libifcoremd:libifcoremd.dll
 0002:000002c0       __imp_for_rewind           00000001400212c0     libifcoremd:libifcoremd.dll
 0002:000002c8       __imp_for_write_seq_lis    00000001400212c8     libifcoremd:libifcoremd.dll
 0002:000002d0       __imp_for_read_seq_fmt     00000001400212d0     libifcoremd:libifcoremd.dll
 0002:000002d8       __imp_for_realloc_lhs      00000001400212d8     libifcoremd:libifcoremd.dll
 0002:000002e0       __imp_for_close            00000001400212e0     libifcoremd:libifcoremd.dll
 0002:000002e8       __imp_for_read_seq_lis_xmit 00000001400212e8     libifcoremd:libifcoremd.dll
 0002:000002f0       __imp_for_read_seq_lis     00000001400212f0     libifcoremd:libifcoremd.dll
 0002:000002f8       __imp_for_open             00000001400212f8     libifcoremd:libifcoremd.dll
 0002:00000300       \177libifcoremd_NULL_THUNK_DATA 0000000140021300     libifcoremd:libifcoremd.dll
 0002:00000308       __imp___kmpc_begin         0000000140021308     libiomp5md:libiomp5md.dll
 0002:00000310       __imp___kmpc_end           0000000140021310     libiomp5md:libiomp5md.dll
 0002:00000318       \177libiomp5md_NULL_THUNK_DATA 0000000140021318     libiomp5md:libiomp5md.dll
 0002:00000320       __imp_f_hyd_k_h_vec2       0000000140021320     wf1dcomdll:wf1dcomdll.dll
 0002:00000328       __imp_f_hyd_k_h_sca        0000000140021328     wf1dcomdll:wf1dcomdll.dll
 0002:00000330       __imp_s_com_inputs_nextrecord 0000000140021330     wf1dcomdll:wf1dcomdll.dll
 0002:00000338       __imp_f_hyd_kr_h_vec2      0000000140021338     wf1dcomdll:wf1dcomdll.dll
 0002:00000340       __imp_f_hyd_dk_h_sca       0000000140021340     wf1dcomdll:wf1dcomdll.dll
 0002:00000348       __imp_f_hyd_dk_h_vec2      0000000140021348     wf1dcomdll:wf1dcomdll.dll
 0002:00000350       __imp_f_hyd_cap_h_sca      0000000140021350     wf1dcomdll:wf1dcomdll.dll
 0002:00000358       __imp_f_hyd_Cap_h_vec2     0000000140021358     wf1dcomdll:wf1dcomdll.dll
 0002:00000360       __imp_s_layers_deallocateall 0000000140021360     wf1dcomdll:wf1dcomdll.dll
 0002:00000368       __imp_f_layers_get_id_from_h 0000000140021368     wf1dcomdll:wf1dcomdll.dll
 0002:00000370       __imp_f_layers_get_h_from0_sca 0000000140021370     wf1dcomdll:wf1dcomdll.dll
 0002:00000378       __imp_f_layers_get_h_from0_vec 0000000140021378     wf1dcomdll:wf1dcomdll.dll
 0002:00000380       __imp_f_layers_get_h_from_h_to_h_sca 0000000140021380     wf1dcomdll:wf1dcomdll.dll
 0002:00000388       __imp_f_layers_get_h_from_h_to_h_vec 0000000140021388     wf1dcomdll:wf1dcomdll.dll
 0002:00000390       __imp_f_layers_get_inc_h_sca 0000000140021390     wf1dcomdll:wf1dcomdll.dll
 0002:00000398       __imp_f_layers_get_inc_h_vec 0000000140021398     wf1dcomdll:wf1dcomdll.dll
 0002:000003a0       __imp_s_com_calc_revert_to_old 00000001400213a0     wf1dcomdll:wf1dcomdll.dll
 0002:000003a8       __imp_s_com_calc_set_old   00000001400213a8     wf1dcomdll:wf1dcomdll.dll
 0002:000003b0       __imp_s_com_calc_estimate_hnew_for_new_timestep 00000001400213b0     wf1dcomdll:wf1dcomdll.dll
 0002:000003b8       __imp_s_vector_assign_dirichlet_from_nodes 00000001400213b8     wf1dcomdll:wf1dcomdll.dll
 0002:000003c0       __imp_s_com_calc_set_dirichlet_to_node_sca 00000001400213c0     wf1dcomdll:wf1dcomdll.dll
 0002:000003c8       __imp_s_com_calc_set_dirichlet_to_node_vec 00000001400213c8     wf1dcomdll:wf1dcomdll.dll
 0002:000003d0       __imp_s_com_calc_set_newmann_to_node_sca 00000001400213d0     wf1dcomdll:wf1dcomdll.dll
 0002:000003d8       __imp_s_com_calc_set_newmann_to_node_vec 00000001400213d8     wf1dcomdll:wf1dcomdll.dll
 0002:000003e0       __imp_f_com_calc_get_idelement_from_x 00000001400213e0     wf1dcomdll:wf1dcomdll.dll
 0002:000003e8       __imp_f_h_top_file         00000001400213e8     wf1dcomdll:wf1dcomdll.dll
 0002:000003f0       __imp_f_q_top_file         00000001400213f0     wf1dcomdll:wf1dcomdll.dll
 0002:000003f8       __imp_s_com_time_increase_time 00000001400213f8     wf1dcomdll:wf1dcomdll.dll
 0002:00000400       __imp_s_com_time_factor_timestep 0000000140021400     wf1dcomdll:wf1dcomdll.dll
 0002:00000408       __imp_s_com_calc_update_dt 0000000140021408     wf1dcomdll:wf1dcomdll.dll
 0002:00000410       __imp_s_com_calc_iteration 0000000140021410     wf1dcomdll:wf1dcomdll.dll
 0002:00000418       __imp_f_layers_get_inc_h_from0_sca 0000000140021418     wf1dcomdll:wf1dcomdll.dll
 0002:00000420       __imp_f_layers_get_inc_h_from0_vec 0000000140021420     wf1dcomdll:wf1dcomdll.dll
 0002:00000428       __imp_s_com_calc_buildcoefmatrix 0000000140021428     wf1dcomdll:wf1dcomdll.dll
 0002:00000430       __imp_s_com_calc_allocate_other_matrix 0000000140021430     wf1dcomdll:wf1dcomdll.dll
 0002:00000438       __imp_s_com_calc_shapematrix 0000000140021438     wf1dcomdll:wf1dcomdll.dll
 0002:00000440       __imp_f_layers_get_nrel_from_hsat_to_h 0000000140021440     wf1dcomdll:wf1dcomdll.dll
 0002:00000448       __imp_s_layers_allocateall 0000000140021448     wf1dcomdll:wf1dcomdll.dll
 0002:00000450       __imp_f_hyd_kr_h_sca       0000000140021450     wf1dcomdll:wf1dcomdll.dll
 0002:00000458       __imp_f_hyd_th_h_vec2      0000000140021458     wf1dcomdll:wf1dcomdll.dll
 0002:00000460       __imp_f_hyd_th_h_sca       0000000140021460     wf1dcomdll:wf1dcomdll.dll
 0002:00000468       __imp_f_hyd_s_h_vec2       0000000140021468     wf1dcomdll:wf1dcomdll.dll
 0002:00000470       __imp_f_hyd_s_h_sca        0000000140021470     wf1dcomdll:wf1dcomdll.dll
 0002:00000478       __imp_f_layers_get_water_inc_med_constant_simple 0000000140021478     wf1dcomdll:wf1dcomdll.dll
 0002:00000480       __imp_s_com_inputs_locateblock 0000000140021480     wf1dcomdll:wf1dcomdll.dll
 0002:00000488       __imp_s_com_calc_set_to_initial 0000000140021488     wf1dcomdll:wf1dcomdll.dll
 0002:00000490       \177wf1dcomdll_NULL_THUNK_DATA 0000000140021490     wf1dcomdll:wf1dcomdll.dll
 0002:00000498       __imp_SAT_MOD_TY_MODEL_mp_S_SAT_MODEL_READFILEINPUT 0000000140021498     wf1dsatdll:wf1dsatdll.dll
 0002:000004a0       __imp_SAT_MOD_TY_MODEL_mp_S_SAT_MODEL_PRINT_TIMESTEP 00000001400214a0     wf1dsatdll:wf1dsatdll.dll
 0002:000004a8       __imp_SAT_MOD_TY_MODEL_mp_S_SAT_MODEL_PUT_QENT_FROM_CONSTRAINT 00000001400214a8     wf1dsatdll:wf1dsatdll.dll
 0002:000004b0       __imp_SAT_MOD_TY_MODEL_mp_S_SAT_MODEL_PUT_NREL_FROM_CONSTRAINT 00000001400214b0     wf1dsatdll:wf1dsatdll.dll
 0002:000004b8       __imp_SAT_MOD_TY_MODEL_mp_S_SAT_MODEL_PUT_RESULTS_IN_CONSTRAINTS 00000001400214b8     wf1dsatdll:wf1dsatdll.dll
 0002:000004c0       __imp_SAT_MOD_TY_CONSTRAINTS_mp_S_SAT_CONSTRAINTS_DEALLOCATEALL 00000001400214c0     wf1dsatdll:wf1dsatdll.dll
 0002:000004c8       __imp_SAT_MOD_TY_MESH_mp_S_SAT_MESH_SET_Z 00000001400214c8     wf1dsatdll:wf1dsatdll.dll
 0002:000004d0       __imp_SAT_MOD_TY_MESH_mp_S_SAT_MESH_DEALLOCATEALL 00000001400214d0     wf1dsatdll:wf1dsatdll.dll
 0002:000004d8       __imp_SAT_MOD_TY_CALC_mp_S_SAT_CALC_RESULTS_IN_NODES 00000001400214d8     wf1dsatdll:wf1dsatdll.dll
 0002:000004e0       __imp_SAT_MOD_TY_CALC_mp_S_SAT_CALC_RESULTS_IN_ELEMENTS 00000001400214e0     wf1dsatdll:wf1dsatdll.dll
 0002:000004e8       __imp_SAT_MOD_TY_CALC_mp_S_SAT_CALC_UPDATE_HNEW_FROM_SOLUTION 00000001400214e8     wf1dsatdll:wf1dsatdll.dll
 0002:000004f0       __imp_SAT_MOD_TY_CALC_mp_S_SAT_CALC_ESTIMATE_HTEMP_FOR_NEW_ITERATION 00000001400214f0     wf1dsatdll:wf1dsatdll.dll
 0002:000004f8       __imp_SAT_MOD_TY_CALC_mp_S_SAT_CALC_BUILD_LINEARSYSTEM 00000001400214f8     wf1dsatdll:wf1dsatdll.dll
 0002:00000500       __imp_SAT_MOD_TY_CALC_mp_S_SAT_CALC_DEALLOCATEALL 0000000140021500     wf1dsatdll:wf1dsatdll.dll
 0002:00000508       __imp_SAT_MOD_TY_MESH_mp_S_SAT_MESH_ALLOCATEALL 0000000140021508     wf1dsatdll:wf1dsatdll.dll
 0002:00000510       __imp_SAT_MOD_TY_CALC_mp_S_SAT_CALC_ALLOCATEALL 0000000140021510     wf1dsatdll:wf1dsatdll.dll
 0002:00000518       __imp_SAT_MOD_INPUTS_mp_S_SAT_INPUTS_NODES 0000000140021518     wf1dsatdll:wf1dsatdll.dll
 0002:00000520       __imp_SAT_MOD_INPUTS_mp_S_SAT_INPUTS_ELEMENTS 0000000140021520     wf1dsatdll:wf1dsatdll.dll
 0002:00000528       __imp_SAT_MOD_TY_CALC_mp_S_SAT_CALC_CONSTRUCT 0000000140021528     wf1dsatdll:wf1dsatdll.dll
 0002:00000530       __imp_SAT_MOD_TY_CONSTRAINTS_mp_S_SAT_CONSTRAINTS_ALLOCATEALL 0000000140021530     wf1dsatdll:wf1dsatdll.dll
 0002:00000538       __imp_SAT_MOD_TY_CONSTRAINTS_mp_S_SAT_CONSTRAINTS_CONSTRUCT 0000000140021538     wf1dsatdll:wf1dsatdll.dll
 0002:00000540       __imp_SAT_MOD_TY_MODEL_mp_S_SAT_MODEL_CONSTRUCT 0000000140021540     wf1dsatdll:wf1dsatdll.dll
 0002:00000548       \177wf1dsatdll_NULL_THUNK_DATA 0000000140021548     wf1dsatdll:wf1dsatdll.dll
 0002:00000550       __imp_s_unsat_model_readfileinput 0000000140021550     wf1dunsatdll:wf1dunsatdll.dll
 0002:00000558       __imp_s_unsat_model_print_timestep 0000000140021558     wf1dunsatdll:wf1dunsatdll.dll
 0002:00000560       __imp_s_unsat_mesh_deallocateall 0000000140021560     wf1dunsatdll:wf1dunsatdll.dll
 0002:00000568       __imp_s_unsat_constraint_set_newmann_from_dqhordx 0000000140021568     wf1dunsatdll:wf1dunsatdll.dll
 0002:00000570       __imp_s_unsat_model_updateall 0000000140021570     wf1dunsatdll:wf1dunsatdll.dll
 0002:00000578       __imp_s_unsat_constraints_update_qnewman_all 0000000140021578     wf1dunsatdll:wf1dunsatdll.dll
 0002:00000580       __imp_s_unsat_constraints_update_qsupinf 0000000140021580     wf1dunsatdll:wf1dunsatdll.dll
 0002:00000588       __imp_s_unsat_model_construct 0000000140021588     wf1dunsatdll:wf1dunsatdll.dll
 0002:00000590       __imp_s_unsat_constraints_update_qtop_from_qmed 0000000140021590     wf1dunsatdll:wf1dunsatdll.dll
 0002:00000598       __imp_s_unsat_constraints_update_qsat_from_qmed 0000000140021598     wf1dunsatdll:wf1dunsatdll.dll
 0002:000005a0       __imp_s_unsat_constraints_update_incvoldt 00000001400215a0     wf1dunsatdll:wf1dunsatdll.dll
 0002:000005a8       __imp_s_unsat_model_update_hsat_from_hbottom 00000001400215a8     wf1dunsatdll:wf1dunsatdll.dll
 0002:000005b0       __imp_s_unsat_constraints_deallocateall 00000001400215b0     wf1dunsatdll:wf1dunsatdll.dll
 0002:000005b8       __imp_f_unsat_calc_get_thnewold_from_x0_to_x1_sca 00000001400215b8     wf1dunsatdll:wf1dunsatdll.dll
 0002:000005c0       __imp_f_unsat_calc_get_th_from_x0_to_x1_sca 00000001400215c0     wf1dunsatdll:wf1dunsatdll.dll
 0002:000005c8       __imp_f_unsat_calc_get_thsatres_mean_from_x0_to_x1_sca 00000001400215c8     wf1dunsatdll:wf1dunsatdll.dll
 0002:000005d0       __imp_f_unsat_elem_q_in_chi_elem 00000001400215d0     wf1dunsatdll:wf1dunsatdll.dll
 0002:000005d8       __imp_f_unsat_calc_q_in_x  00000001400215d8     wf1dunsatdll:wf1dunsatdll.dll
 0002:000005e0       __imp_s_unsat_calc_results_in_nodes 00000001400215e0     wf1dunsatdll:wf1dunsatdll.dll
 0002:000005e8       __imp_s_unsat_calc_results_in_elements 00000001400215e8     wf1dunsatdll:wf1dunsatdll.dll
 0002:000005f0       __imp_s_vector_h2th        00000001400215f0     wf1dunsatdll:wf1dunsatdll.dll
 0002:000005f8       __imp_s_unsat_get_qnewmann 00000001400215f8     wf1dunsatdll:wf1dunsatdll.dll
 0002:00000600       __imp_s_unsat_calc_assign_newmann 0000000140021600     wf1dunsatdll:wf1dunsatdll.dll
 0002:00000608       __imp_s_unsat_calc_update_hnew_from_solution 0000000140021608     wf1dunsatdll:wf1dunsatdll.dll
 0002:00000610       __imp_s_unsat_calc_estimate_htemp_for_new_iteration 0000000140021610     wf1dunsatdll:wf1dunsatdll.dll
 0002:00000618       __imp_s_unsat_calc_estimate_hnew_for_new_timestep 0000000140021618     wf1dunsatdll:wf1dunsatdll.dll
 0002:00000620       __imp_s_unsat_calc_set_old 0000000140021620     wf1dunsatdll:wf1dunsatdll.dll
 0002:00000628       __imp_s_unsat_calc_revert_to_old 0000000140021628     wf1dunsatdll:wf1dunsatdll.dll
 0002:00000630       __imp_s_unsat_calc_build_linearsystem 0000000140021630     wf1dunsatdll:wf1dunsatdll.dll
 0002:00000638       __imp_s_unsat_calc_deallocateall 0000000140021638     wf1dunsatdll:wf1dunsatdll.dll
 0002:00000640       __imp_s_unsat_mesh_allocateall 0000000140021640     wf1dunsatdll:wf1dunsatdll.dll
 0002:00000648       __imp_s_unsat_calc_allocateall 0000000140021648     wf1dunsatdll:wf1dunsatdll.dll
 0002:00000650       __imp_s_unsat_inputs_nodes 0000000140021650     wf1dunsatdll:wf1dunsatdll.dll
 0002:00000658       __imp_s_unsat_inputs_elements 0000000140021658     wf1dunsatdll:wf1dunsatdll.dll
 0002:00000660       __imp_s_unsat_calc_construct 0000000140021660     wf1dunsatdll:wf1dunsatdll.dll
 0002:00000668       __imp_s_unsat_constraints_allocateall 0000000140021668     wf1dunsatdll:wf1dunsatdll.dll
 0002:00000670       __imp_s_unsat_constraints_construct 0000000140021670     wf1dunsatdll:wf1dunsatdll.dll
 0002:00000678       __imp_s_unsat_constraints_update_qinf_from_qtop 0000000140021678     wf1dunsatdll:wf1dunsatdll.dll
 0002:00000680       \177wf1dunsatdll_NULL_THUNK_DATA 0000000140021680     wf1dunsatdll:wf1dunsatdll.dll
 0002:00000688       __guard_check_icall_fptr   0000000140021688     MSVCRT:guard_support.obj
 0002:00000690       __guard_xfg_check_icall_fptr 0000000140021690     MSVCRT:guard_support.obj
 0002:00000698       __guard_dispatch_icall_fptr 0000000140021698     MSVCRT:guard_support.obj
 0002:000006a0       __guard_xfg_dispatch_icall_fptr 00000001400216a0     MSVCRT:guard_support.obj
 0002:000006a8       __guard_xfg_table_dispatch_icall_fptr 00000001400216a8     MSVCRT:guard_support.obj
 0002:000006b0       __castguard_check_failure_os_handled_fptr 00000001400216b0     MSVCRT:guard_support.obj
 0002:000006b8       __xc_a                     00000001400216b8     MSVCRT:initializers.obj
 0002:000006d0       __xc_z                     00000001400216d0     MSVCRT:initializers.obj
 0002:000006d8       __xi_a                     00000001400216d8     MSVCRT:initializers.obj
 0002:000006f0       __xi_z                     00000001400216f0     MSVCRT:initializers.obj
 0002:000006f8       __xp_a                     00000001400216f8     MSVCRT:initializers.obj
 0002:00000700       __xp_z                     0000000140021700     MSVCRT:initializers.obj
 0002:00000708       __xt_a                     0000000140021708     MSVCRT:initializers.obj
 0002:00000710       __xt_z                     0000000140021710     MSVCRT:initializers.obj
 0002:0000ba00       __xmm@ffffffffffffffffffffffffffffffff 000000014002ca00     MSVCRT:utility.obj
 0002:0000ba10       ??_C@_02A@?0?5?$AA@        000000014002ca10     libirc:new_proc_init.obj
 0002:0000ba14       ??_C@_0BF@A@__INTEL_LIBIRC_DEBUG?$AA@ 000000014002ca14     libirc:fast_mem_ops.obj
 0002:0000ba2c       ??_C@_0N@A@GENERIC_IA32?$AA@ 000000014002ca2c     libirc:cpu_feature_disp.obj
 0002:0000ba3c       ??_C@_03A@X87?$AA@         000000014002ca3c     libirc:cpu_feature_disp.obj
 0002:0000ba40       ??_C@_04A@CMOV?$AA@        000000014002ca40     libirc:cpu_feature_disp.obj
 0002:0000ba48       ??_C@_03A@mmx?$AA@         000000014002ca48     libirc:cpu_feature_disp.obj
 0002:0000ba4c       ??_C@_03A@MMX?$AA@         000000014002ca4c     libirc:cpu_feature_disp.obj
 0002:0000ba50       ??_C@_06A@FXSAVE?$AA@      000000014002ca50     libirc:cpu_feature_disp.obj
 0002:0000ba58       ??_C@_03A@sse?$AA@         000000014002ca58     libirc:cpu_feature_disp.obj
 0002:0000ba5c       ??_C@_03A@SSE?$AA@         000000014002ca5c     libirc:cpu_feature_disp.obj
 0002:0000ba60       ??_C@_04A@sse2?$AA@        000000014002ca60     libirc:cpu_feature_disp.obj
 0002:0000ba68       ??_C@_04A@SSE2?$AA@        000000014002ca68     libirc:cpu_feature_disp.obj
 0002:0000ba70       ??_C@_04A@sse3?$AA@        000000014002ca70     libirc:cpu_feature_disp.obj
 0002:0000ba78       ??_C@_04A@SSE3?$AA@        000000014002ca78     libirc:cpu_feature_disp.obj
 0002:0000ba80       ??_C@_05A@ssse3?$AA@       000000014002ca80     libirc:cpu_feature_disp.obj
 0002:0000ba88       ??_C@_05A@SSSE3?$AA@       000000014002ca88     libirc:cpu_feature_disp.obj
 0002:0000ba90       ??_C@_06A@sse4?41?$AA@     000000014002ca90     libirc:cpu_feature_disp.obj
 0002:0000ba98       ??_C@_06A@SSE4_1?$AA@      000000014002ca98     libirc:cpu_feature_disp.obj
 0002:0000baa0       ??_C@_04A@sse4?$AA@        000000014002caa0     libirc:cpu_feature_disp.obj
 0002:0000baa8       ??_C@_06A@SSE4_2?$AA@      000000014002caa8     libirc:cpu_feature_disp.obj
 0002:0000bab0       ??_C@_05A@movbe?$AA@       000000014002cab0     libirc:cpu_feature_disp.obj
 0002:0000bab8       ??_C@_05A@MOVBE?$AA@       000000014002cab8     libirc:cpu_feature_disp.obj
 0002:0000bac0       ??_C@_06A@popcnt?$AA@      000000014002cac0     libirc:cpu_feature_disp.obj
 0002:0000bac8       ??_C@_06A@POPCNT?$AA@      000000014002cac8     libirc:cpu_feature_disp.obj
 0002:0000bad0       ??_C@_06A@pclmul?$AA@      000000014002cad0     libirc:cpu_feature_disp.obj
 0002:0000bad8       ??_C@_09A@PCLMULQDQ?$AA@   000000014002cad8     libirc:cpu_feature_disp.obj
 0002:0000bae4       ??_C@_03A@aes?$AA@         000000014002cae4     libirc:cpu_feature_disp.obj
 0002:0000bae8       ??_C@_03A@AES?$AA@         000000014002cae8     libirc:cpu_feature_disp.obj
 0002:0000baec       ??_C@_03A@avx?$AA@         000000014002caec     libirc:cpu_feature_disp.obj
 0002:0000baf0       ??_C@_03A@AVX?$AA@         000000014002caf0     libirc:cpu_feature_disp.obj
 0002:0000baf4       ??_C@_04A@f16c?$AA@        000000014002caf4     libirc:cpu_feature_disp.obj
 0002:0000bafc       ??_C@_04A@F16C?$AA@        000000014002cafc     libirc:cpu_feature_disp.obj
 0002:0000bb04       ??_C@_05A@rdrnd?$AA@       000000014002cb04     libirc:cpu_feature_disp.obj
 0002:0000bb0c       ??_C@_05A@RDRND?$AA@       000000014002cb0c     libirc:cpu_feature_disp.obj
 0002:0000bb14       ??_C@_03A@fma?$AA@         000000014002cb14     libirc:cpu_feature_disp.obj
 0002:0000bb18       ??_C@_03A@FMA?$AA@         000000014002cb18     libirc:cpu_feature_disp.obj
 0002:0000bb1c       ??_C@_03A@bmi?$AA@         000000014002cb1c     libirc:cpu_feature_disp.obj
 0002:0000bb20       ??_C@_03A@BMI?$AA@         000000014002cb20     libirc:cpu_feature_disp.obj
 0002:0000bb24       ??_C@_05A@lzcnt?$AA@       000000014002cb24     libirc:cpu_feature_disp.obj
 0002:0000bb2c       ??_C@_05A@LZCNT?$AA@       000000014002cb2c     libirc:cpu_feature_disp.obj
 0002:0000bb34       ??_C@_03A@hle?$AA@         000000014002cb34     libirc:cpu_feature_disp.obj
 0002:0000bb38       ??_C@_03A@HLE?$AA@         000000014002cb38     libirc:cpu_feature_disp.obj
 0002:0000bb3c       ??_C@_03A@rtm?$AA@         000000014002cb3c     libirc:cpu_feature_disp.obj
 0002:0000bb40       ??_C@_03A@RTM?$AA@         000000014002cb40     libirc:cpu_feature_disp.obj
 0002:0000bb44       ??_C@_04A@avx2?$AA@        000000014002cb44     libirc:cpu_feature_disp.obj
 0002:0000bb4c       ??_C@_04A@AVX2?$AA@        000000014002cb4c     libirc:cpu_feature_disp.obj
 0002:0000bb54       ??_C@_07A@avx512f?$AA@     000000014002cb54     libirc:cpu_feature_disp.obj
 0002:0000bb5c       ??_C@_07A@AVX512F?$AA@     000000014002cb5c     libirc:cpu_feature_disp.obj
 0002:0000bb64       ??_C@_08A@avx512dq?$AA@    000000014002cb64     libirc:cpu_feature_disp.obj
 0002:0000bb70       ??_C@_08A@AVX512DQ?$AA@    000000014002cb70     libirc:cpu_feature_disp.obj
 0002:0000bb7c       ??_C@_07A@ptwrite?$AA@     000000014002cb7c     libirc:cpu_feature_disp.obj
 0002:0000bb84       ??_C@_07A@PTWRITE?$AA@     000000014002cb84     libirc:cpu_feature_disp.obj
 0002:0000bb8c       ??_C@_05A@KNCNI?$AA@       000000014002cb8c     libirc:cpu_feature_disp.obj
 0002:0000bb94       ??_C@_03A@adx?$AA@         000000014002cb94     libirc:cpu_feature_disp.obj
 0002:0000bb98       ??_C@_03A@ADX?$AA@         000000014002cb98     libirc:cpu_feature_disp.obj
 0002:0000bb9c       ??_C@_06A@rdseed?$AA@      000000014002cb9c     libirc:cpu_feature_disp.obj
 0002:0000bba4       ??_C@_06A@RDSEED?$AA@      000000014002cba4     libirc:cpu_feature_disp.obj
 0002:0000bbac       ??_C@_0L@A@avx512ifma?$AA@ 000000014002cbac     libirc:cpu_feature_disp.obj
 0002:0000bbb8       ??_C@_0N@A@AVX512IFMA52?$AA@ 000000014002cbb8     libirc:cpu_feature_disp.obj
 0002:0000bbc8       ??_C@_08A@avx512er?$AA@    000000014002cbc8     libirc:cpu_feature_disp.obj
 0002:0000bbd4       ??_C@_08A@AVX512ER?$AA@    000000014002cbd4     libirc:cpu_feature_disp.obj
 0002:0000bbe0       ??_C@_08A@avx512pf?$AA@    000000014002cbe0     libirc:cpu_feature_disp.obj
 0002:0000bbec       ??_C@_08A@AVX512PF?$AA@    000000014002cbec     libirc:cpu_feature_disp.obj
 0002:0000bbf8       ??_C@_08A@avx512cd?$AA@    000000014002cbf8     libirc:cpu_feature_disp.obj
 0002:0000bc04       ??_C@_08A@AVX512CD?$AA@    000000014002cc04     libirc:cpu_feature_disp.obj
 0002:0000bc10       ??_C@_03A@sha?$AA@         000000014002cc10     libirc:cpu_feature_disp.obj
 0002:0000bc14       ??_C@_03A@SHA?$AA@         000000014002cc14     libirc:cpu_feature_disp.obj
 0002:0000bc18       ??_C@_03A@mpx?$AA@         000000014002cc18     libirc:cpu_feature_disp.obj
 0002:0000bc1c       ??_C@_03A@MPX?$AA@         000000014002cc1c     libirc:cpu_feature_disp.obj
 0002:0000bc20       ??_C@_08A@avx512bw?$AA@    000000014002cc20     libirc:cpu_feature_disp.obj
 0002:0000bc2c       ??_C@_08A@AVX512BW?$AA@    000000014002cc2c     libirc:cpu_feature_disp.obj
 0002:0000bc38       ??_C@_08A@avx512vl?$AA@    000000014002cc38     libirc:cpu_feature_disp.obj
 0002:0000bc44       ??_C@_08A@AVX512VL?$AA@    000000014002cc44     libirc:cpu_feature_disp.obj
 0002:0000bc50       ??_C@_0L@A@avx512vbmi?$AA@ 000000014002cc50     libirc:cpu_feature_disp.obj
 0002:0000bc5c       ??_C@_0L@A@AVX512VBMI?$AA@ 000000014002cc5c     libirc:cpu_feature_disp.obj
 0002:0000bc68       ??_C@_0N@A@avx5124fmaps?$AA@ 000000014002cc68     libirc:cpu_feature_disp.obj
 0002:0000bc78       ??_C@_0O@A@AVX512_4FMAPS?$AA@ 000000014002cc78     libirc:cpu_feature_disp.obj
 0002:0000bc88       ??_C@_0N@A@avx5124vnniw?$AA@ 000000014002cc88     libirc:cpu_feature_disp.obj
 0002:0000bc98       ??_C@_0O@A@AVX512_4VNNIW?$AA@ 000000014002cc98     libirc:cpu_feature_disp.obj
 0002:0000bca8       ??_C@_0BA@A@avx512vpopcntdq?$AA@ 000000014002cca8     libirc:cpu_feature_disp.obj
 0002:0000bcb8       ??_C@_0BB@A@AVX512_VPOPCNTDQ?$AA@ 000000014002ccb8     libirc:cpu_feature_disp.obj
 0002:0000bccc       ??_C@_0N@A@avx512bitalg?$AA@ 000000014002cccc     libirc:cpu_feature_disp.obj
 0002:0000bcdc       ??_C@_0O@A@AVX512_BITALG?$AA@ 000000014002ccdc     libirc:cpu_feature_disp.obj
 0002:0000bcec       ??_C@_0M@A@avx512vbmi2?$AA@ 000000014002ccec     libirc:cpu_feature_disp.obj
 0002:0000bcf8       ??_C@_0N@A@AVX512_VBMI2?$AA@ 000000014002ccf8     libirc:cpu_feature_disp.obj
 0002:0000bd08       ??_C@_04A@gfni?$AA@        000000014002cd08     libirc:cpu_feature_disp.obj
 0002:0000bd10       ??_C@_04A@GFNI?$AA@        000000014002cd10     libirc:cpu_feature_disp.obj
 0002:0000bd18       ??_C@_04A@vaes?$AA@        000000014002cd18     libirc:cpu_feature_disp.obj
 0002:0000bd20       ??_C@_04A@VAES?$AA@        000000014002cd20     libirc:cpu_feature_disp.obj
 0002:0000bd28       ??_C@_0L@A@vpclmulqdq?$AA@ 000000014002cd28     libirc:cpu_feature_disp.obj
 0002:0000bd34       ??_C@_0L@A@VPCLMULQDQ?$AA@ 000000014002cd34     libirc:cpu_feature_disp.obj
 0002:0000bd40       ??_C@_0L@A@avx512vnni?$AA@ 000000014002cd40     libirc:cpu_feature_disp.obj
 0002:0000bd4c       ??_C@_0M@A@AVX512_VNNI?$AA@ 000000014002cd4c     libirc:cpu_feature_disp.obj
 0002:0000bd58       ??_C@_04A@clwb?$AA@        000000014002cd58     libirc:cpu_feature_disp.obj
 0002:0000bd60       ??_C@_04A@CLWB?$AA@        000000014002cd60     libirc:cpu_feature_disp.obj
 0002:0000bd68       ??_C@_05A@rdpid?$AA@       000000014002cd68     libirc:cpu_feature_disp.obj
 0002:0000bd70       ??_C@_05A@RDPID?$AA@       000000014002cd70     libirc:cpu_feature_disp.obj
 0002:0000bd78       ??_C@_03A@ibt?$AA@         000000014002cd78     libirc:cpu_feature_disp.obj
 0002:0000bd7c       ??_C@_03A@IBT?$AA@         000000014002cd7c     libirc:cpu_feature_disp.obj
 0002:0000bd80       ??_C@_05A@shstk?$AA@       000000014002cd80     libirc:cpu_feature_disp.obj
 0002:0000bd88       ??_C@_05A@SHSTK?$AA@       000000014002cd88     libirc:cpu_feature_disp.obj
 0002:0000bd90       ??_C@_03A@sgx?$AA@         000000014002cd90     libirc:cpu_feature_disp.obj
 0002:0000bd94       ??_C@_03A@SGX?$AA@         000000014002cd94     libirc:cpu_feature_disp.obj
 0002:0000bd98       ??_C@_08A@wbnoinvd?$AA@    000000014002cd98     libirc:cpu_feature_disp.obj
 0002:0000bda4       ??_C@_08A@WBNOINVD?$AA@    000000014002cda4     libirc:cpu_feature_disp.obj
 0002:0000bdb0       ??_C@_07A@pconfig?$AA@     000000014002cdb0     libirc:cpu_feature_disp.obj
 0002:0000bdb8       ??_C@_07A@PCONFIG?$AA@     000000014002cdb8     libirc:cpu_feature_disp.obj
 0002:0000bdc0       ??_C@_0BD@A@avx512vp2intersect?$AA@ 000000014002cdc0     libirc:cpu_feature_disp.obj
 0002:0000bdd4       ??_C@_0BE@A@AVX512_VP2INTERSECT?$AA@ 000000014002cdd4     libirc:cpu_feature_disp.obj
 0002:0000bde8       ??_C@_0L@A@avx512fp16?$AA@ 000000014002cde8     libirc:cpu_feature_disp.obj
 0002:0000bdf4       ??_C@_0M@A@AVX512_FP16?$AA@ 000000014002cdf4     libirc:cpu_feature_disp.obj
 0002:0000be00       ??_C@_08A@cldemote?$AA@    000000014002ce00     libirc:cpu_feature_disp.obj
 0002:0000be0c       ??_C@_08A@CLDEMOTE?$AA@    000000014002ce0c     libirc:cpu_feature_disp.obj
 0002:0000be18       ??_C@_07A@movdiri?$AA@     000000014002ce18     libirc:cpu_feature_disp.obj
 0002:0000be20       ??_C@_07A@MOVDIRI?$AA@     000000014002ce20     libirc:cpu_feature_disp.obj
 0002:0000be28       ??_C@_09A@movdir64b?$AA@   000000014002ce28     libirc:cpu_feature_disp.obj
 0002:0000be34       ??_C@_09A@MOVDIR64B?$AA@   000000014002ce34     libirc:cpu_feature_disp.obj
 0002:0000be40       ??_C@_07A@waitpkg?$AA@     000000014002ce40     libirc:cpu_feature_disp.obj
 0002:0000be48       ??_C@_07A@WAITPKG?$AA@     000000014002ce48     libirc:cpu_feature_disp.obj
 0002:0000be50       ??_C@_0L@A@avx512bf16?$AA@ 000000014002ce50     libirc:cpu_feature_disp.obj
 0002:0000be5c       ??_C@_0M@A@AVX512_BF16?$AA@ 000000014002ce5c     libirc:cpu_feature_disp.obj
 0002:0000be68       ??_C@_06A@enqcmd?$AA@      000000014002ce68     libirc:cpu_feature_disp.obj
 0002:0000be70       ??_C@_06A@ENQCMD?$AA@      000000014002ce70     libirc:cpu_feature_disp.obj
 0002:0000be78       ??_C@_07A@avxvnni?$AA@     000000014002ce78     libirc:cpu_feature_disp.obj
 0002:0000be80       ??_C@_08A@AVX_VNNI?$AA@    000000014002ce80     libirc:cpu_feature_disp.obj
 0002:0000be8c       ??_C@_08A@amx?9tile?$AA@   000000014002ce8c     libirc:cpu_feature_disp.obj
 0002:0000be98       ??_C@_08A@AMX?9TILE?$AA@   000000014002ce98     libirc:cpu_feature_disp.obj
 0002:0000bea4       ??_C@_08A@amx?9int8?$AA@   000000014002cea4     libirc:cpu_feature_disp.obj
 0002:0000beb0       ??_C@_08A@AMX?9INT8?$AA@   000000014002ceb0     libirc:cpu_feature_disp.obj
 0002:0000bebc       ??_C@_08A@amx?9bf16?$AA@   000000014002cebc     libirc:cpu_feature_disp.obj
 0002:0000bec8       ??_C@_08A@AMX?9BF16?$AA@   000000014002cec8     libirc:cpu_feature_disp.obj
 0002:0000bed4       ??_C@_02A@kl?$AA@          000000014002ced4     libirc:cpu_feature_disp.obj
 0002:0000bed8       ??_C@_02A@KL?$AA@          000000014002ced8     libirc:cpu_feature_disp.obj
 0002:0000bedc       ??_C@_07A@wide?9kl?$AA@    000000014002cedc     libirc:cpu_feature_disp.obj
 0002:0000bee4       ??_C@_07A@WIDE?9KL?$AA@    000000014002cee4     libirc:cpu_feature_disp.obj
 0002:0000beec       ??_C@_0BC@A@INTEL_ISA_DISABLE?$AA@ 000000014002ceec     libirc:cpu_feature_disp.obj
 0002:0000c2e0       ??_C@_01A@?6?$AA@          000000014002d2e0     libirc:irc_msg_support.obj
 0002:0000c2e4       ??_C@_0CO@A@Constant?5propagation?5error?5?$CI?$CFs?5substitution?$CJ?3?$AA@ 000000014002d2e4     libirc:irc_msg_support.obj
 0002:0000c314       ??_C@_06A@FORMAL?$AA@      000000014002d314     libirc:irc_msg_support.obj
 0002:0000c31c       ??_C@_06A@RETURN?$AA@      000000014002d31c     libirc:irc_msg_support.obj
 0002:0000c324       ??_C@_06A@GLOBAL?$AA@      000000014002d324     libirc:irc_msg_support.obj
 0002:0000c32c       ??_C@_0BA@A@?7I32?5?$CFlx?5?$CB?$DN?5?$CFlx?$AA@ 000000014002d32c     libirc:irc_msg_support.obj
 0002:0000c33c       ??_C@_0BB@A@?7SI32?5?$CFld?5?$CB?$DN?5?$CFld?$AA@ 000000014002d33c     libirc:irc_msg_support.obj
 0002:0000c350       ??_C@_0O@A@?7F32?5?$CFf?5?$CB?$DN?5?$CFf?$AA@ 000000014002d350     libirc:irc_msg_support.obj
 0002:0000c360       ??_C@_0BI@A@?7I64?5?$CFlx?3?$CFlx?5?$CB?$DN?5?$CFlx?3?$CFlx?$AA@ 000000014002d360     libirc:irc_msg_support.obj
 0002:0000c378       ??_C@_0BJ@A@?7SI64?5?$CFld?3?$CFld?5?$CB?$DN?5?$CFld?3?$CFld?$AA@ 000000014002d378     libirc:irc_msg_support.obj
 0002:0000c394       ??_C@_0O@A@?7F64?5?$CFf?5?$CB?$DN?5?$CFf?$AA@ 000000014002d394     libirc:irc_msg_support.obj
 0002:0000c3a4       ??_C@_0BE@A@Bad?5second?5argument?$AA@ 000000014002d3a4     libirc:irc_msg_support.obj
 0002:0000c3b8       ??_C@_0CH@A@Fatal?5Error?3?5Can?5not?5initiate?5the?5Heap?$AA@ 000000014002d3b8     libirc:irc_msg_support.obj
 0002:0000c3e0       ??_C@_0CB@A@Usage?3?5?$CFs?5input_file?5output_file?$AA@ 000000014002d3e0     libirc:irc_msg_support.obj
 0002:0000c404       ??_C@_0CL@A@Usage?3?5?$CFs?5segment_size?5input_file?5?$FL?9trace?$FN?$AA@ 000000014002d404     libirc:irc_msg_support.obj
 0002:0000c430       ??_C@_0DE@A@Conversion?5from?5text?5file?5?$CFs?5to?5binary?5?$CFs?5completed?$AA@ 000000014002d430     libirc:irc_msg_support.obj
 0002:0000c464       ??_C@_0BJ@A@segment_size?5?$DN?50x?$CFx?5?$DN?5?$CFd?$AA@ 000000014002d464     libirc:irc_msg_support.obj
 0002:0000c480       ??_C@_0DF@A@Cannot?5allocate?5memory?5to?5hold?5segment?5?$CIsize?5?$DN?50x?$CFx?$CJ?$AA@ 000000014002d480     libirc:irc_msg_support.obj
 0002:0000c4b8       ??_C@_0BJ@A@Input?5file?3?5?$CFs?5corrupted?$AA@ 000000014002d4b8     libirc:irc_msg_support.obj
 0002:0000c4d4       ??_C@_0BE@A@routine_name?5?$DN?5?8?$CFs?8?$AA@ 000000014002d4d4     libirc:irc_msg_support.obj
 0002:0000c4e8       ??_C@_0BE@A@file_name?5?5?5?5?$DN?5?8?$CFs?8?$AA@ 000000014002d4e8     libirc:irc_msg_support.obj
 0002:0000c4fc       ??_C@_0BE@A@prof_dir?5?5?5?5?5?$DN?5?8?$CFs?8?$AA@ 000000014002d4fc     libirc:irc_msg_support.obj
 0002:0000c510       ??_C@_0CP@A@Dynamic?5profile?5created?5from?5file?5?$CFs?5completed?$AA@ 000000014002d510     libirc:irc_msg_support.obj
 0002:0000c540       ??_C@_0FA@A@Fatal?5Error?3?5This?5program?5was?5not?5built?5to?5run?5on?5the?5processor?5in?5your?5system?4?$AA@ 000000014002d540     libirc:irc_msg_support.obj
 0002:0000c5a0       ??_C@_0CA@A@The?5allowed?5processors?5are?3?5?$CFs?4?$AA@ 000000014002d5a0     libirc:irc_msg_support.obj
 0002:0000c5c0       ??_C@_0FC@A@Run?9Time?5Check?5Failure?3?5The?5variable?5?8?$CFs?8?5is?5being?5used?5without?5being?5initialized?$AA@ 000000014002d5c0     libirc:irc_msg_support.obj
 0002:0000c620       ??_C@_0CN@A@Error?3?5?5Buffer?5overrun?5occurred?0?5forced?5exit?$AA@ 000000014002d620     libirc:irc_msg_support.obj
 0002:0000c650       ??_C@_0DH@A@Initialization?5of?5symbol?5handler?5failed?4?5Error?5code?5?$CFd?$AA@ 000000014002d650     libirc:irc_msg_support.obj
 0002:0000c688       ??_C@_0BH@A@NTDLL?5module?5not?5found?$AA@ 000000014002d688     libirc:irc_msg_support.obj
 0002:0000c6a0       ??_C@_0DC@A@RtlCaptureContext?5function?5not?5found?5in?5ntdll?4dll?$AA@ 000000014002d6a0     libirc:irc_msg_support.obj
 0002:0000c6e0       ??_C@_0EB@A@?5Windows?5XP?564?9bit?5Edition?5Version?52003?5or?5newer?5should?5be?5used?4?$AA@ 000000014002d6e0     libirc:irc_msg_support.obj
 0002:0000c740       ??_C@_0DC@A@StackWalk?5is?5terminated?5abnormally?4?5Error?5code?5?$CFd?$AA@ 000000014002d740     libirc:irc_msg_support.obj
 0002:0000c774       ??_C@_0CJ@A@Exception?5is?5raised?5during?5stack?5walking?$AA@ 000000014002d774     libirc:irc_msg_support.obj
 0002:0000c7a0       ??_C@_0BE@A@Signal?5?$CFs?5is?5raised?$AA@ 000000014002d7a0     libirc:irc_msg_support.obj
 0002:0000c7b4       ??_C@_0BM@A@Signal?5?$CFs?5is?5raised?5at?50x?$CFp?$AA@ 000000014002d7b4     libirc:irc_msg_support.obj
 0002:0000c7d0       ??_C@_07A@SIGSEGV?$AA@     000000014002d7d0     libirc:irc_msg_support.obj
 0002:0000c7d8       ??_C@_06A@SIGILL?$AA@      000000014002d7d8     libirc:irc_msg_support.obj
 0002:0000c7e0       ??_C@_06A@SIGBUS?$AA@      000000014002d7e0     libirc:irc_msg_support.obj
 0002:0000c7e8       ??_C@_06A@SIGFPE?$AA@      000000014002d7e8     libirc:irc_msg_support.obj
 0002:0000c7f0       ??_C@_07A@unknown?$AA@     000000014002d7f0     libirc:irc_msg_support.obj
 0002:0000c7f8       ??_C@_08A@No?5error?$AA@   000000014002d7f8     libirc:irc_msg_support.obj
 0002:0000c804       ??_C@_0DM@A@You?5must?5link?5with?5libunwind?5to?5use?5traceback?5functionality?$AA@ 000000014002d804     libirc:irc_msg_support.obj
 0002:0000c840       ??_C@_0IL@A@Intel?$CIR?$CJ?5Core?$CITM?$CJ?5Duo?5processors?5and?5compatible?5Intel?5processors?5with?5supplemental?5Streaming?5SIMD?5Extensions?53?5?$CISSSE3?$CJ?5instruction?5support?$AA@ 000000014002d840     libirc:irc_msg_support.obj
 0002:0000c8e0       ??_C@_0IE@A@Intel?$CIR?$CJ?5Pentium?$CIR?$CJ?54?5and?5compatible?5Intel?5processors?5with?5Intel?$CIR?$CJ?5Streaming?5SIMD?5Extensions?53?5?$CIIntel?$CIR?$CJ?5SSE3?$CJ?5instruction?5support?$AA@ 000000014002d8e0     libirc:irc_msg_support.obj
 0002:0000c980       ??_C@_0DG@A@Intel?$CIR?$CJ?5Pentium?$CIR?$CJ?5M?5and?5compatible?5Intel?5processors?$AA@ 000000014002d980     libirc:irc_msg_support.obj
 0002:0000c9c0       ??_C@_0IH@A@Intel?$CIR?$CJ?5Pentium?$CIR?$CJ?54?5and?5compatible?5Intel?5processors?4?5Enables?5new?5optimizations?5in?5addition?5to?5Intel?5processor?9specific?5optimizations?$AA@ 000000014002d9c0     libirc:irc_msg_support.obj
 0002:0000ca60       ??_C@_0DI@A@Intel?$CIR?$CJ?5processors?5with?5Swing?5New?5Instructions?5support?$AA@ 000000014002da60     libirc:irc_msg_support.obj
 0002:0000caa0       ??_C@_0EA@A@Intel?$CIR?$CJ?5processors?5with?5SSE4?42?5and?5POPCNT?5instructions?5support?$AA@ 000000014002daa0     libirc:irc_msg_support.obj
 0002:0000cae0       ??_C@_0DE@A@Intel?$CIR?$CJ?5processors?5with?5MOVBE?5instructions?5support?$AA@ 000000014002dae0     libirc:irc_msg_support.obj
 0002:0000cb14       ??_C@_0DP@A@Fatal?5Error?3?5This?5program?5was?5not?5built?5to?5run?5in?5your?5system?4?$AA@ 000000014002db14     libirc:irc_msg_support.obj
 0002:0000cb60       ??_C@_0FF@A@Please?5verify?5that?5both?5the?5operating?5system?5and?5the?5processor?5support?5Intel?$CIR?$CJ?5AVX?4?$AA@ 000000014002db60     libirc:irc_msg_support.obj
 0002:0000cbc0       ??_C@_0HD@A@Please?5verify?5that?5both?5the?5operating?5system?5and?5the?5processor?5support?5Intel?$CIR?$CJ?5AVX?0?5F16C?5and?5RDRAND?5instructions?4?$AA@ 000000014002dbc0     libirc:irc_msg_support.obj
 0002:0000cc40       ??_C@_0IB@A@Please?5verify?5that?5both?5the?5operating?5system?5and?5the?5processor?5support?5Intel?$CIR?$CJ?5AVX2?0?5BMI?0?5LZCNT?0?5HLE?0?5RTM?5and?5FMA?5instructions?4?$AA@ 000000014002dc40     libirc:irc_msg_support.obj
 0002:0000cce0       ??_C@_0DC@A@Boundary?5Run?9Time?5Check?5Failure?5for?5variable?5?8?$CFs?8?$AA@ 000000014002dce0     libirc:irc_msg_support.obj
 0002:0000cd14       ??_C@_0CA@A@Boundary?5Run?9Time?5Check?5Failure?$AA@ 000000014002dd14     libirc:irc_msg_support.obj
 0002:0000cd34       ??_C@_0CC@A@Conversion?5Run?9Time?5Check?5Failure?$AA@ 000000014002dd34     libirc:irc_msg_support.obj
 0002:0000cd60       ??_C@_0GB@A@Please?5verify?5that?5both?5the?5operating?5system?5and?5the?5processor?5support?5Intel?$CIR?$CJ?5?$CFs?5instructions?4?$AA@ 000000014002dd60     libirc:irc_msg_support.obj
 0002:0000cde0       ??_C@_05A@?5and?5?$AA@     000000014002dde0     libirc:irc_msg_support.obj
 0002:0000ce00       ??_C@_0FG@A@Please?5verify?5that?5your?5application?5was?5built?5with?5compatible?5Intel?$CIR?$CJ?5libirc?5library?$AA@ 000000014002de00     libirc:irc_msg_support.obj
 0002:0000ce60       ??_C@_0EH@A@Use?5of?5incompatible?5or?5internally?5inconsistent?5Intel?$CIR?$CJ?5libirc?5library?$AA@ 000000014002de60     libirc:irc_msg_support.obj
 0002:0000cec0       ??_C@_0FI@A@Run?9Time?5Check?5Failure?3?5The?5variable?5?8?$CFs?8?5is?5being?5used?5in?5?$CFs?5without?5being?5initialized?$AA@ 000000014002dec0     libirc:irc_msg_support.obj
 0002:0000cf20       ??_C@_0GP@A@Cache?5size?5is?5incorrectly?5reported?5as?50?4?5Please?5engage?5your?5hardware?5and?1or?5OS?5support?5to?5address?5the?5problem?4?$AA@ 000000014002df20     libirc:irc_msg_support.obj
 0002:0000cfa0       ??_C@_06A@?$CFlu?1?$CFs?$AA@ 000000014002dfa0     libirc:irc_msg_support.obj
 0002:0000cfa8       ??_C@_0M@A@irc_msg?4dll?$AA@ 000000014002dfa8     libirc:irc_msg_support.obj
 0002:0000cfb4       ??_C@_00A@?$AA@            000000014002dfb4     libirc:irc_msg_support.obj
 0002:0000cfb8       ??_C@_03A@?$CFs?6?$AA@     000000014002dfb8     libirc:irc_msg_support.obj
 0002:0000cff0       _load_config_used          000000014002dff0     MSVCRT:loadcfg.obj
[...]
 0002:0000d9c0       $unwind$__security_init_cookie 000000014002e9c0     MSVCRT:gs_support.obj
 0002:0000d9cc       $unwind$__scrt_fastfail    000000014002e9cc     MSVCRT:utility_desktop.obj
 0002:0000d9dc       $unwind$_RTC_Initialize    000000014002e9dc     MSVCRT:initsect.obj
 0002:0000d9dc       $unwind$_RTC_Terminate     000000014002e9dc     MSVCRT:initsect.obj
 0002:0000d9dc       $unwind$__scrt_unhandled_exception_filter 000000014002e9dc     MSVCRT:utility_desktop.obj
 0002:0000d9e8       $unwind$__isa_available_init 000000014002e9e8     MSVCRT:cpu_disp.obj
 0002:0000d9f8       $xdatasym                  000000014002e9f8     MSVCRT:guard_dispatch.obj
 0002:0000da00       $xdatasym                  000000014002ea00     MSVCRT:guard_xfg_dispatch.obj
 0002:0000df88       $xdatasym                  000000014002ef88     MSVCRT:amdsecgs.obj
 0002:0000df8c       $unwind$__GSHandlerCheckCommon 000000014002ef8c     MSVCRT:gshandler.obj
 0002:0000df94       $unwind$__report_gsfailure 000000014002ef94     MSVCRT:gs_report.obj
 0002:0000df9c       $unwind$capture_previous_context 000000014002ef9c     MSVCRT:gs_report.obj
 0002:0000ec40       .idata$6                   000000014002fc40     wf1dcomdll:wf1dcomdll.dll
 0002:0000f162       .idata$6                   0000000140030162     wf1dunsatdll:wf1dunsatdll.dll
 0002:0000f5d2       .idata$6                   00000001400305d2     wf1dsatdll:wf1dsatdll.dll
 0002:0000f836       .idata$6                   0000000140030836     libifcoremd:libifcoremd.dll
 0002:0000f846       .idata$6                   0000000140030846     libiomp5md:libiomp5md.dll
 0002:0000f9c0       .idata$6                   00000001400309c0     kernel32:KERNEL32.dll
 0002:0000fa24       .idata$6                   0000000140030a24     vcruntime:VCRUNTIME140.dll
 0002:0000fc60       .idata$6                   0000000140030c60     ucrt:api-ms-win-crt-runtime-l1-1-0.dll
 0002:0000fc82       .idata$6                   0000000140030c82     ucrt:api-ms-win-crt-math-l1-1-0.dll
 0002:0000fca2       .idata$6                   0000000140030ca2     ucrt:api-ms-win-crt-stdio-l1-1-0.dll
 0002:0000fcc2       .idata$6                   0000000140030cc2     ucrt:api-ms-win-crt-locale-l1-1-0.dll
 0002:0000fce4       .idata$6                   0000000140030ce4     ucrt:api-ms-win-crt-heap-l1-1-0.dll
 0002:0000fd04       .idata$6                   0000000140030d04     ucrt:api-ms-win-crt-string-l1-1-0.dll
 0002:0000fd26       .idata$6                   0000000140030d26     ucrt:api-ms-win-crt-environment-l1-1-0.dll
 0003:00000000       MODEL_MOD_INPUTS_mp_S_MODEL_INPUTS_BOUNDARY$format_pack.0.7 0000000140031000     model_mod_ty_inputs.obj
 0003:00000030       MODEL_MOD_INPUTS_mp_S_MODEL_INPUTS_HINIT$format_pack.0.2 0000000140031030     model_mod_ty_inputs.obj
 0003:00000040       MODEL_MOD_TY_CONSTRAINTS_mp_S_MODEL_CONSTRAINTS_CALC_NREL_TO_FIT_INC_HUNSAT$BLK..T5742_ 0000000140031040     model_mod_ty_constraints.obj
 0003:00000260       MODEL_MOD_TY_MODEL_mp_S_MODEL_MODEL_PRINT_ALLTIMES$format_pack.0.4 0000000140031260     model_mod_ty_model.obj
 0003:00000440       MODEL_MOD_TY_MODEL_mp_S_MODEL_MODEL_READFILEINPUT$BLK..T7879_ 0000000140031440     model_mod_ty_model.obj
 0003:00000520       MODEL_MOD_TY_MODEL_mp_S_MODEL_MODEL_READFILEINPUT$BLK..T7951_ 0000000140031520     model_mod_ty_model.obj
 0003:00000740       MODEL_MOD_TY_MODEL_mp_S_MODEL_MODEL_READFILEINPUT$BLK..T8008_ 0000000140031740     model_mod_ty_model.obj
 0003:000008a0       MODEL_MOD_TY_MODEL_mp_S_MODEL_MODEL_READFILEINPUT$BLK..T8053_ 00000001400318a0     model_mod_ty_model.obj
 0003:000009a0       MODEL_MOD_TY_MODEL_mp_S_MODEL_MODEL_CONSTRUCT$BLK..T8431_ 00000001400319a0     model_mod_ty_model.obj
 0003:00000b40       MODEL_MOD_TY_MODEL_mp_S_MODEL_MODEL_CONSTRUCT$BLK..T8603_ 0000000140031b40     model_mod_ty_model.obj
 0003:00001160       MODEL_MOD_TY_MODEL_mp_S_MODEL_MODEL_CONSTRUCT$BLK..T8831_ 0000000140032160     model_mod_ty_model.obj
 0003:000017c0       MODEL_MOD_TY_MODEL_mp_S_MODEL_MODEL_CONSTRUCT$BLK..T9062_ 00000001400327c0     model_mod_ty_model.obj
 0003:000019a0       MODEL_MOD_TY_MODEL_mp_S_MODEL_MODEL_CONSTRUCT$BLK..T9159_ 00000001400329a0     model_mod_ty_model.obj
 0003:00002120       MODEL_MOD_TY_MODEL_mp_S_MODEL_MODEL_CONSTRUCT$BLK..T9350_ 0000000140033120     model_mod_ty_model.obj
 0003:00002800       MODEL_MOD_TY_MODEL_mp_S_MODEL_MODEL_CONSTRUCT$BLK..T8104_ 0000000140033800     model_mod_ty_model.obj
 0003:00003c80       MODEL_MOD_TY_MODEL_mp_S_MODEL_MODEL_CONSTRUCT$BLK..T8086_ 0000000140034c80     model_mod_ty_model.obj
 0003:00004ee0       MODEL_FLOW1D$MODEL.0.1     0000000140035ee0     wd15dsatunsat.obj
 0003:000055e0       MODEL_FLOW1D$ISHSATOVER0.0.1 00000001400365e0     wd15dsatunsat.obj
 0003:00005640       MODEL_FLOW1D$ISFIRSTHSAT.0.1 0000000140036640     wd15dsatunsat.obj
 0003:000056a0       MODEL_FLOW1D$format_pack.0.1 00000001400366a0     wd15dsatunsat.obj
 0003:000057e0       MODEL_FLOW1D$DEBUGMSG_TXT.0.1 00000001400367e0     wd15dsatunsat.obj
 0003:00005844       .2.4_2_kmpc_loc_struct_pack.23 0000000140036844     wd15dsatunsat.obj
 0003:0000585c       .2.4_2__kmpc_loc_pack.22   000000014003685c     wd15dsatunsat.obj
 0003:00005874       .2.4_2_kmpc_loc_struct_pack.34 0000000140036874     wd15dsatunsat.obj
 0003:0000588c       .2.4_2__kmpc_loc_pack.33   000000014003688c     wd15dsatunsat.obj
 0003:000058a5       MODEL_FLOW1D$PRINTCHAR.0.1 00000001400368a5     wd15dsatunsat.obj
 0003:000058c0       MODEL_FLOW1D$BLK..T3193_   00000001400368c0     wd15dsatunsat.obj
 0003:000059c0       MODEL_FLOW1D$BLK..T3157_   00000001400369c0     wd15dsatunsat.obj
 0003:00005b20       MODEL_FLOW1D$BLK..T3276_   0000000140036b20     wd15dsatunsat.obj
 0003:00005d00       MODEL_FLOW1D$BLK..T3445_   0000000140036d00     wd15dsatunsat.obj
 0003:000063e0       MODEL_FLOW1D$BLK..T3100_   00000001400373e0     wd15dsatunsat.obj
 0003:00006600       MODEL_FLOW1D$BLK..T3539_   0000000140037600     wd15dsatunsat.obj
 0003:00007a80       MODEL_FLOW1D$BLK..T3622_   0000000140038a80     wd15dsatunsat.obj
 0003:00007c20       MODEL_FLOW1D$BLK..T3677_   0000000140038c20     wd15dsatunsat.obj
 0003:00008240       MODEL_FLOW1D$BLK..T3854_   0000000140039240     wd15dsatunsat.obj
 0003:000088a0       MODEL_FLOW1D$BLK..T3527_   00000001400398a0     wd15dsatunsat.obj
 0003:00009020       MODEL_FLOW1D$BLK..T3857_   000000014003a020     wd15dsatunsat.obj
 0003:0000a280       MODEL_FLOW1D$BLK..T3860_   000000014003b280     wd15dsatunsat.obj
 0003:0000a9c0       cpuid2_cache_tbl           000000014003b9c0     libirc:fast_mem_ops.obj
 0003:0000b200       first_msg                  000000014003c200     libirc:irc_msg_support.obj
 0003:0000b204       use_internal_msg           000000014003c204     libirc:irc_msg_support.obj
 0003:0000b220       .T5715_                    000000014003c220     model_mod_ty_constraints.obj
 0003:0000b2c0       .T5694_                    000000014003c2c0     model_mod_ty_constraints.obj
 0003:0000b360       .T5730_                    000000014003c360     model_mod_ty_constraints.obj
 0003:0000b400       .T5884_                    000000014003c400     model_mod_ty_constraints.obj
 0003:0000b4a0       .T5905_                    000000014003c4a0     model_mod_ty_constraints.obj
 0003:0000b540       .T5920_                    000000014003c540     model_mod_ty_constraints.obj
 0003:0000b5e0       .T7903_                    000000014003c5e0     model_mod_ty_model.obj
 0003:0000b680       .T7924_                    000000014003c680     model_mod_ty_model.obj
 0003:0000b720       .T7939_                    000000014003c720     model_mod_ty_model.obj
 0003:0000b7c0       .T7975_                    000000014003c7c0     model_mod_ty_model.obj
 0003:0000b860       .T7996_                    000000014003c860     model_mod_ty_model.obj
 0003:0000b900       .T8041_                    000000014003c900     model_mod_ty_model.obj
 0003:0000b9a0       .T8167_                    000000014003c9a0     model_mod_ty_model.obj
 0003:0000ba40       .T8188_                    000000014003ca40     model_mod_ty_model.obj
 0003:0000bae0       .T8203_                    000000014003cae0     model_mod_ty_model.obj
 0003:0000bb80       .T8398_                    000000014003cb80     model_mod_ty_model.obj
 0003:0000bc20       .T8419_                    000000014003cc20     model_mod_ty_model.obj
 0003:0000bcc0       .T8549_                    000000014003ccc0     model_mod_ty_model.obj
 0003:0000bd60       .T8570_                    000000014003cd60     model_mod_ty_model.obj
 0003:0000be00       .T8591_                    000000014003ce00     model_mod_ty_model.obj
 0003:0000bea0       .T8672_                    000000014003cea0     model_mod_ty_model.obj
 0003:0000bf40       .T8686_                    000000014003cf40     model_mod_ty_model.obj
 0003:0000bfe0       .T8697_                    000000014003cfe0     model_mod_ty_model.obj
 0003:0000c080       .T8711_                    000000014003d080     model_mod_ty_model.obj
 0003:0000c120       .T8722_                    000000014003d120     model_mod_ty_model.obj
 0003:0000c1c0       .T8733_                    000000014003d1c0     model_mod_ty_model.obj
 0003:0000c260       .T8744_                    000000014003d260     model_mod_ty_model.obj
 0003:0000c300       .T8755_                    000000014003d300     model_mod_ty_model.obj
 0003:0000c3a0       .T8766_                    000000014003d3a0     model_mod_ty_model.obj
 0003:0000c440       .T8777_                    000000014003d440     model_mod_ty_model.obj
 0003:0000c500       .T8798_                    000000014003d500     model_mod_ty_model.obj
 0003:0000c5a0       .T8819_                    000000014003d5a0     model_mod_ty_model.obj
 0003:0000c640       .T9029_                    000000014003d640     model_mod_ty_model.obj
 0003:0000c6e0       .T9050_                    000000014003d6e0     model_mod_ty_model.obj
 0003:0000c780       .T9147_                    000000014003d780     model_mod_ty_model.obj
 0003:0000c820       .T9229_                    000000014003d820     model_mod_ty_model.obj
 0003:0000c8c0       .T9240_                    000000014003d8c0     model_mod_ty_model.obj
 0003:0000c960       .T9251_                    000000014003d960     model_mod_ty_model.obj
 0003:0000ca00       .T9262_                    000000014003da00     model_mod_ty_model.obj
 0003:0000caa0       .T9273_                    000000014003daa0     model_mod_ty_model.obj
 0003:0000cb40       .T9284_                    000000014003db40     model_mod_ty_model.obj
 0003:0000cbe0       .T9295_                    000000014003dbe0     model_mod_ty_model.obj
 0003:0000cc80       .T9316_                    000000014003dc80     model_mod_ty_model.obj
 0003:0000cd20       .T9337_                    000000014003dd20     model_mod_ty_model.obj
 0003:0000cdc0       .T9348_                    000000014003ddc0     model_mod_ty_model.obj
 0003:0000ce60       MODEL_MOD_TY_MODEL_mp_S_MODEL_MODEL_CONSTRUCT$BLK..T8374_ 000000014003de60     model_mod_ty_model.obj
 0003:0000cea0       MODEL_MOD_TY_MODEL_mp_S_MODEL_MODEL_CONSTRUCT$BLK..T9393_ 000000014003dea0     model_mod_ty_model.obj
 0003:0000cf40       .T9456_                    000000014003df40     model_mod_ty_model.obj
 0003:0000cfe0       .T9470_                    000000014003dfe0     model_mod_ty_model.obj
 0003:0000d080       .T9481_                    000000014003e080     model_mod_ty_model.obj
 0003:0000d120       .T9605_                    000000014003e120     model_mod_ty_model.obj
 0003:0000d1c0       .T9442_                    000000014003e1c0     model_mod_ty_model.obj
 0003:0000d260       .T9492_                    000000014003e260     model_mod_ty_model.obj
 0003:0000d300       .T9503_                    000000014003e300     model_mod_ty_model.obj
 0003:0000d3a0       .T9514_                    000000014003e3a0     model_mod_ty_model.obj
 0003:0000d440       .T9535_                    000000014003e440     model_mod_ty_model.obj
 0003:0000d4e0       .T9556_                    000000014003e4e0     model_mod_ty_model.obj
 0003:0000d580       .T9567_                    000000014003e580     model_mod_ty_model.obj
 0003:0000d620       .T9583_                    000000014003e620     model_mod_ty_model.obj
 0003:0000d6c0       .T9594_                    000000014003e6c0     model_mod_ty_model.obj
 0003:0000d760       .T9616_                    000000014003e760     model_mod_ty_model.obj
 0003:0000d800       .T9627_                    000000014003e800     model_mod_ty_model.obj
 0003:0000d8a0       .T9638_                    000000014003e8a0     model_mod_ty_model.obj
 0003:0000d940       .T9649_                    000000014003e940     model_mod_ty_model.obj
 0003:0000d9e0       .T9660_                    000000014003e9e0     model_mod_ty_model.obj
 0003:0000da80       .T9671_                    000000014003ea80     model_mod_ty_model.obj
 0003:0000db20       .T9682_                    000000014003eb20     model_mod_ty_model.obj
 0003:0000dbe0       .T9703_                    000000014003ebe0     model_mod_ty_model.obj
 0003:0000dc80       .T9724_                    000000014003ec80     model_mod_ty_model.obj
 0003:0000dd20       MODEL_FLOW1D$MAXHSAT.0.1   000000014003ed20     wd15dsatunsat.obj
 0003:0000dd28       MODEL_FLOW1D$MAXHSATOLD.0.1 000000014003ed28     wd15dsatunsat.obj
 0003:0000dd30       MODEL_FLOW1D$ISCONVERGED.0.1 000000014003ed30     wd15dsatunsat.obj
 0003:0000dd40       .T3145_                    000000014003ed40     wd15dsatunsat.obj
 0003:0000dde0       .T3181_                    000000014003ede0     wd15dsatunsat.obj
 0003:0000de80       .T3166_                    000000014003ee80     wd15dsatunsat.obj
 0003:0000df00       .T3109_                    000000014003ef00     wd15dsatunsat.obj
 0003:0000df80       .T3294_                    000000014003ef80     wd15dsatunsat.obj
 0003:0000e000       .T3243_                    000000014003f000     wd15dsatunsat.obj
 0003:0000e0a0       .T3390_                    000000014003f0a0     wd15dsatunsat.obj
 0003:0000e140       .T3264_                    000000014003f140     wd15dsatunsat.obj
 0003:0000e1e0       .T3411_                    000000014003f1e0     wd15dsatunsat.obj
 0003:0000e280       .T3124_                    000000014003f280     wd15dsatunsat.obj
 0003:0000e320       .T3228_                    000000014003f320     wd15dsatunsat.obj
 0003:0000e3a0       .T3303_                    000000014003f3a0     wd15dsatunsat.obj
 0003:0000e420       .T3318_                    000000014003f420     wd15dsatunsat.obj
 0003:0000e4c0       .T3332_                    000000014003f4c0     wd15dsatunsat.obj
 0003:0000e560       .T3346_                    000000014003f560     wd15dsatunsat.obj
 0003:0000e600       .T3357_                    000000014003f600     wd15dsatunsat.obj
 0003:0000e6a0       .T3368_                    000000014003f6a0     wd15dsatunsat.obj
 0003:0000e740       .T3379_                    000000014003f740     wd15dsatunsat.obj
 0003:0000e7e0       .T3432_                    000000014003f7e0     wd15dsatunsat.obj
 0003:0000e880       .T3443_                    000000014003f880     wd15dsatunsat.obj
 0003:0000e920       .T3056_                    000000014003f920     wd15dsatunsat.obj
 0003:0000e9c0       .T3077_                    000000014003f9c0     wd15dsatunsat.obj
 0003:0000ea60       .T3088_                    000000014003fa60     wd15dsatunsat.obj
 0003:0000eb00       .T3285_                    000000014003fb00     wd15dsatunsat.obj
 0003:0000eb80       .T3473_                    000000014003fb80     wd15dsatunsat.obj
 0003:0000ec20       .T3041_                    000000014003fc20     wd15dsatunsat.obj
 0003:0000eca0       .T3494_                    000000014003fca0     wd15dsatunsat.obj
 0003:0000ed40       .T3029_                    000000014003fd40     wd15dsatunsat.obj
 0003:0000ede0       .T3220_                    000000014003fde0     wd15dsatunsat.obj
 0003:0000ee80       .T3515_                    000000014003fe80     wd15dsatunsat.obj
 0003:0000ef20       .T3723_                    000000014003ff20     wd15dsatunsat.obj
 0003:0000efc0       .T3640_                    000000014003ffc0     wd15dsatunsat.obj
 0003:0000f040       .T3205_                    0000000140040040     wd15dsatunsat.obj
 0003:0000f0e0       .T3589_                    00000001400400e0     wd15dsatunsat.obj
 0003:0000f180       .T3610_                    0000000140040180     wd15dsatunsat.obj
 0003:0000f220       .T3574_                    0000000140040220     wd15dsatunsat.obj
 0003:0000f2a0       .T3631_                    00000001400402a0     wd15dsatunsat.obj
 0003:0000f320       .T3665_                    0000000140040320     wd15dsatunsat.obj
 0003:0000f3c0       .T3649_                    00000001400403c0     wd15dsatunsat.obj
 0003:0000f440       .T3800_                    0000000140040440     wd15dsatunsat.obj
 0003:0000f500       .T3821_                    0000000140040500     wd15dsatunsat.obj
 0003:0000f5a0       .T3842_                    00000001400405a0     wd15dsatunsat.obj
 0003:0000f640       .T3686_                    0000000140040640     wd15dsatunsat.obj
 0003:0000f6c0       .T3701_                    00000001400406c0     wd15dsatunsat.obj
 0003:0000f760       .T3712_                    0000000140040760     wd15dsatunsat.obj
 0003:0000f800       .T3734_                    0000000140040800     wd15dsatunsat.obj
 0003:0000f8a0       .T3745_                    00000001400408a0     wd15dsatunsat.obj
 0003:0000f940       .T3756_                    0000000140040940     wd15dsatunsat.obj
 0003:0000f9e0       .T3767_                    00000001400409e0     wd15dsatunsat.obj
 0003:0000fa80       .T3778_                    0000000140040a80     wd15dsatunsat.obj
 0003:0000fb20       .T3789_                    0000000140040b20     wd15dsatunsat.obj
 0003:0000fbc0       .T3551_                    0000000140040bc0     wd15dsatunsat.obj
 0003:0000fc60       .T3566_                    0000000140040c60     wd15dsatunsat.obj
 0003:0000fd00       .T3454_                    0000000140040d00     wd15dsatunsat.obj
 0003:0000fd80       MODEL_FLOW1D$BLK..T4097_   0000000140040d80     wd15dsatunsat.obj
 0003:0000fdc0       MODEL_FLOW1D$BLK..T4153_   0000000140040dc0     wd15dsatunsat.obj
 0003:0000fe70       ?is_initialized_as_dll@@3_NA 0000000140040e70     MSVCRT:utility.obj
 0003:0000fe71       ?module_local_atexit_table_initialized@@3_NA 0000000140040e71     MSVCRT:utility.obj
 0003:0000fe78       ?module_local_atexit_table@@3U_onexit_table_t@@A 0000000140040e78     MSVCRT:utility.obj
 0003:0000fe90       ?module_local_at_quick_exit_table@@3U_onexit_table_t@@A 0000000140040e90     MSVCRT:utility.obj
 0003:0000fee0       __libirc_cache_tbl         0000000140040ee0     libirc:fast_mem_ops.obj
 0003:0000ff28       __libirc_tmp               0000000140040f28     libirc:fast_mem_ops.obj
 0003:0000ff40       proc_info_features         0000000140040f40     libirc:cpu_feature_disp.obj
 0003:00010608       __libirc_isa_info_initialized 0000000140041608     libirc:cpu_feature_disp.obj
 0003:00010620       _OptionsStorage.18.0.7     0000000140041620     libirc:irc_msg_support.obj
 0003:00010640       get_msg_buf                0000000140041640     libirc:irc_msg_support.obj
 0003:00010840       get_text_buf               0000000140041840     libirc:irc_msg_support.obj
 0003:00010a40       print_buf                  0000000140041a40     libirc:irc_msg_support.obj
 0003:00010c40       message_catalog            0000000140041c40     libirc:irc_msg_support.obj
 0003:00010c60       eptr                       0000000140041c60     libifcoremd:for_main.obj
 0003:00010c70       GS_ExceptionRecord         0000000140041c70     MSVCRT:gs_report.obj
 0003:00010d10       GS_ContextRecord           0000000140041d10     MSVCRT:gs_report.obj
